Built 01-design.pdf: 34 pages, ~5525 words
Built 02-avgransning.pdf: 14 pages, ~2464 words
Built 03-diskussion.pdf: 17 pages, ~3224 words
{
  "title": "RobotOps Twin publication",
  "version": "1.4.0",
  "date": "2026-10-05",
  "source_checked_at": "2026-10-05",
  "source_dates": {
    "S01": "2026-10-01",
    "S02": "2026-10-01",
    "S03": "2026-10-04",
    "S04": "2026-10-04",
    "S05": "2026-10-04",
    "S06": "2026-10-01",
    "S07": "2026-10-04",
    "S08": "2026-10-04",
    "S09": "2026-10-01",
    "S10": "2026-10-01",
    "S11": "2026-10-01",
    "S12": "2026-10-04",
    "S13": "2026-10-01",
    "S14": "2026-10-01",
    "S15": "2026-10-01",
    "S16": "2026-10-01",
    "S17": "2026-10-01",
    "S18": "2026-10-01",
    "S19": "2026-10-01",
    "S20": "2026-10-01",
    "S21": "2026-10-02",
    "S22": "2026-10-03",
    "S23": "2026-10-04",
    "S24": "2026-10-04",
    "S25": "2026-10-04",
    "S26": "2026-10-04",
    "S27": "2026-10-04",
    "S28": "2026-10-04",
    "S29": "2026-10-04",
    "S30": "2026-10-04"
  },
  "source_commit": "df45c93247551e042f043216ab94d74a0ba34ff3",
  "reports": [
    {
      "report": "01-design",
      "title": "Från kundorder till verifierad roboteffekt",
      "pages": 34,
      "words_approx": 5525,
      "references": [
        "S01",
        "S02",
        "S03",
        "S04",
        "S05",
        "S06",
        "S07",
        "S08",
        "S10",
        "S11",
        "S12",
        "S13",
        "S14",
        "S15",
        "S16",
        "S17",
        "S18",
        "S19",
        "S21",
        "S22",
        "S23",
        "S24",
        "S25",
        "S26",
        "S27",
        "S28",
        "S29",
        "S30"
      ],
      "pdf_sha256": "b1277dd1308d67a395656bb4c07fd7f5c28a6fcaacb8bdb534b5385d93b69b3b"
    },
    {
      "report": "02-avgransning",
      "title": "Simulatorn och den verkliga robotcellen",
      "pages": 14,
      "words_approx": 2464,
      "references": [
        "S01",
        "S03",
        "S04",
        "S07",
        "S08",
        "S10",
        "S11",
        "S12",
        "S17",
        "S18",
        "S19",
        "S23",
        "S24",
        "S28",
        "S29",
        "S30"
      ],
      "pdf_sha256": "7e1f1fd031f59f7c7ce00c8b3b967e0e0b7b1b2f329c9d12a01318e7a0f216bf"
    },
    {
      "report": "03-diskussion",
      "title": "Teknisk dialog om RobotOps Twin",
      "pages": 17,
      "words_approx": 3224,
      "references": [
        "S01",
        "S03",
        "S04",
        "S05",
        "S06",
        "S07",
        "S10",
        "S11",
        "S20",
        "S23",
        "S25",
        "S28",
        "S29"
      ],
      "pdf_sha256": "a30543221dfcee6517d76d525ab914bf984107b4d9589bbbca85e3c41bb66d60"
    }
  ],
  "diagrams": 12,
  "references": 30,
  "combined_pdf_pages": 65,
  "pdf_package_checks": {
    "pages": 65,
    "internal_links_checked": 209,
    "destinations_preserved": true
  },
  "simulator_status": {
    "phase": "Test lifecycle correction verification",
    "status": "NOT DONE",
    "summary": "Test lifecycle correction implemented: delete purges test data and reuses available numbers; clear restores the same test for retry. New revision verification is in progress. Previous investigation acceptance remains scoped to audited source 7b9f0a6."
  },
  "checks": [
    "reference IDs resolved",
    "figure placeholders resolved",
    "SVG XML parsed",
    "PDF text extractable",
    "relative links and fragments validated",
    "catalogue documentation generated from runtime source"
  ]
}
Annotation sizes differ: 45 vs. 0
Annotation sizes differ: 1 vs. 0
Annotation sizes differ: 2 vs. 0
Annotation sizes differ: 8 vs. 0
Annotation sizes differ: 15 vs. 0
Annotation sizes differ: 2 vs. 0
Annotation sizes differ: 1 vs. 0
Annotation sizes differ: 1 vs. 0
Annotation sizes differ: 1 vs. 0
Annotation sizes differ: 4 vs. 0
Annotation sizes differ: 2 vs. 0
Annotation sizes differ: 3 vs. 0
Annotation sizes differ: 1 vs. 0
Annotation sizes differ: 39 vs. 0
Annotation sizes differ: 3 vs. 0
Annotation sizes differ: 1 vs. 0
Annotation sizes differ: 7 vs. 0
Annotation sizes differ: 5 vs. 0
Annotation sizes differ: 4 vs. 0
Annotation sizes differ: 2 vs. 0
Annotation sizes differ: 45 vs. 0
Annotation sizes differ: 1 vs. 0
Annotation sizes differ: 3 vs. 0
Annotation sizes differ: 4 vs. 0
Annotation sizes differ: 2 vs. 0
Annotation sizes differ: 2 vs. 0
Annotation sizes differ: 5 vs. 0
