Built 01-design.pdf: 28 pages, ~4880 words
Built 02-avgransning.pdf: 12 pages, ~2172 words
Built 03-diskussion.pdf: 16 pages, ~2924 words
{
  "title": "RobotOps Twin publication",
  "version": "1.1.0",
  "date": "2026-10-02",
  "source_checked_at": "2026-10-01",
  "source_commit": "59ace317d949cc8e6fbd77db13a10656737d9238",
  "reports": [
    {
      "report": "01-design",
      "title": "Från kundorder till verifierad roboteffekt",
      "pages": 28,
      "words_approx": 4880,
      "references": [
        "S01",
        "S02",
        "S03",
        "S04",
        "S05",
        "S06",
        "S07",
        "S08",
        "S10",
        "S11",
        "S12",
        "S13",
        "S14",
        "S15",
        "S16",
        "S17",
        "S18",
        "S19",
        "S21",
        "S22"
      ],
      "pdf_sha256": "3621ba034319cfeba05f12685e112ac7245e7e246a605d1e86a29e6385a6ef47"
    },
    {
      "report": "02-avgransning",
      "title": "Simulatorn och den verkliga robotcellen",
      "pages": 12,
      "words_approx": 2172,
      "references": [
        "S01",
        "S03",
        "S04",
        "S07",
        "S08",
        "S10",
        "S11",
        "S12",
        "S17",
        "S18",
        "S19"
      ],
      "pdf_sha256": "47aaaad63ef66c6a7430e9f3baed88155faaed0a20c178ab9a26dfad2460bcc7"
    },
    {
      "report": "03-diskussion",
      "title": "Teknisk dialog om RobotOps Twin",
      "pages": 16,
      "words_approx": 2924,
      "references": [
        "S01",
        "S03",
        "S04",
        "S05",
        "S06",
        "S07",
        "S10",
        "S11",
        "S20"
      ],
      "pdf_sha256": "260388ef303e9f4951ad1d43bf646f3567cb664838a00c843cc93e5f07f0bf91"
    }
  ],
  "diagrams": 7,
  "references": 22,
  "combined_pdf_pages": 56,
  "pdf_package_checks": {
    "pages": 56,
    "internal_links_checked": 181,
    "destinations_preserved": true
  },
  "simulator_status": {
    "phase": "P7 - publishing the guided simulation workspace",
    "status": "NOT DONE",
    "summary": "The deterministic simulator now includes full delivery replay, independent reusable tests, repeated evidence review, a dark guided workspace and definitions for every execution scenario and observation mode. The local baseline passed 389 tests twice; the explanation follow-up passed 101 UI checks and 170 affected Python tests. Publication is authorized; final committed-source CI and Pages verification are pending."
  },
  "checks": [
    "reference IDs resolved",
    "figure placeholders resolved",
    "SVG XML parsed",
    "PDF text extractable",
    "relative links and fragments validated"
  ]
}
Annotation sizes differ: 42 vs. 0
Annotation sizes differ: 1 vs. 0
Annotation sizes differ: 2 vs. 0
Annotation sizes differ: 7 vs. 0
Annotation sizes differ: 11 vs. 0
Annotation sizes differ: 2 vs. 0
Annotation sizes differ: 1 vs. 0
Annotation sizes differ: 1 vs. 0
Annotation sizes differ: 3 vs. 0
Annotation sizes differ: 3 vs. 0
Annotation sizes differ: 1 vs. 0
Annotation sizes differ: 36 vs. 0
Annotation sizes differ: 3 vs. 0
Annotation sizes differ: 2 vs. 0
Annotation sizes differ: 5 vs. 0
Annotation sizes differ: 4 vs. 0
Annotation sizes differ: 1 vs. 0
Annotation sizes differ: 1 vs. 0
Annotation sizes differ: 1 vs. 0
Annotation sizes differ: 42 vs. 0
Annotation sizes differ: 1 vs. 0
Annotation sizes differ: 3 vs. 0
Annotation sizes differ: 4 vs. 0
Annotation sizes differ: 2 vs. 0
Annotation sizes differ: 2 vs. 0
