Traceback (most recent call last):
  File "C:\Users\ramis\AppData\Roaming\uv\python\cpython-3.13.15-windows-x86_64-none\Lib\shutil.py", line 625, in _rmtree_unsafe
    os.unlink(fullname)
    ~~~~~~~~~^^^^^^^^^^
PermissionError: [WinError 32] The process cannot access the file because it is being used by another process: 'C:\\Users\\ramis\\AppData\\Local\\Temp\\robotops-acceptance-1-m_88nhx2\\fixtures\\test_full_lab_browser_authoriz0\\process-stack\\plc.db'

During handling of the above exception, another exception occurred:

Traceback (most recent call last):
  File "<frozen runpy>", line 203, in _run_module_as_main
  File "<frozen runpy>", line 88, in _run_code
  File "C:\Users\ramis\source\repos\robotops-twin\tools\acceptance.py", line 579, in <module>
    main()
    ~~~~^^
  File "C:\Users\ramis\source\repos\robotops-twin\tools\acceptance.py", line 486, in main
    with tempfile.TemporaryDirectory(prefix=f"robotops-acceptance-{i}-") as directory:
         ~~~~~~~~~~~~~~~~~~~~~~~~~~~^^^^^^^^^^^^^^^^^^^^^^^^^^^^^^^^^^^^
  File "C:\Users\ramis\AppData\Roaming\uv\python\cpython-3.13.15-windows-x86_64-none\Lib\tempfile.py", line 952, in __exit__
    self.cleanup()
    ~~~~~~~~~~~~^^
  File "C:\Users\ramis\AppData\Roaming\uv\python\cpython-3.13.15-windows-x86_64-none\Lib\tempfile.py", line 956, in cleanup
    self._rmtree(self.name, ignore_errors=self._ignore_cleanup_errors)
    ~~~~~~~~~~~~^^^^^^^^^^^^^^^^^^^^^^^^^^^^^^^^^^^^^^^^^^^^^^^^^^^^^^
  File "C:\Users\ramis\AppData\Roaming\uv\python\cpython-3.13.15-windows-x86_64-none\Lib\tempfile.py", line 936, in _rmtree
    _shutil.rmtree(name, onexc=onexc)
    ~~~~~~~~~~~~~~^^^^^^^^^^^^^^^^^^^
  File "C:\Users\ramis\AppData\Roaming\uv\python\cpython-3.13.15-windows-x86_64-none\Lib\shutil.py", line 790, in rmtree
    return _rmtree_unsafe(path, onexc)
  File "C:\Users\ramis\AppData\Roaming\uv\python\cpython-3.13.15-windows-x86_64-none\Lib\shutil.py", line 629, in _rmtree_unsafe
    onexc(os.unlink, fullname, err)
    ~~~~~^^^^^^^^^^^^^^^^^^^^^^^^^^
  File "C:\Users\ramis\AppData\Roaming\uv\python\cpython-3.13.15-windows-x86_64-none\Lib\tempfile.py", line 911, in onexc
    _os.unlink(path)
    ~~~~~~~~~~^^^^^^
PermissionError: [WinError 32] The process cannot access the file because it is being used by another process: 'C:\\Users\\ramis\\AppData\\Local\\Temp\\robotops-acceptance-1-m_88nhx2\\fixtures\\test_full_lab_browser_authoriz0\\process-stack\\plc.db'
Traceback (most recent call last):
  File "<frozen runpy>", line 203, in _run_module_as_main
  File "<frozen runpy>", line 88, in _run_code
  File "C:\Users\ramis\source\repos\robotops-twin\tools\dev.py", line 49, in <module>
    main()
    ~~~~^^
  File "C:\Users\ramis\source\repos\robotops-twin\tools\dev.py", line 45, in main
    run("-m", "tools.acceptance", *rest)
    ~~~^^^^^^^^^^^^^^^^^^^^^^^^^^^^^^^^^
  File "C:\Users\ramis\source\repos\robotops-twin\tools\dev.py", line 9, in run
    subprocess.run([sys.executable, *args], check=True)
    ~~~~~~~~~~~~~~^^^^^^^^^^^^^^^^^^^^^^^^^^^^^^^^^^^^^
  File "C:\Users\ramis\AppData\Roaming\uv\python\cpython-3.13.15-windows-x86_64-none\Lib\subprocess.py", line 577, in run
    raise CalledProcessError(retcode, process.args,
                             output=stdout, stderr=stderr)
subprocess.CalledProcessError: Command '['C:\\Users\\ramis\\source\\repos\\robotops-twin\\.venv\\Scripts\\python.exe', '-m', 'tools.acceptance', '--local']' returned non-zero exit status 1.
