Running setup
setup: exit 0
Running browser_setup
browser_setup: exit 0
Running blender_version
blender_version: exit 0
Running security
security: exit 0
Running tests_1
tests_1: exit 0
Running tests_2
tests_2: exit 0
Running lint
lint: exit 0
Running typecheck
typecheck: exit 0
Running demo_happy_path
demo_happy_path: exit 0
Running demo_lost_ack_after_effect
demo_lost_ack_after_effect: exit 0
Running demo_lost_ack_before_effect
demo_lost_ack_before_effect: exit 0
Running demo_ambiguous
demo_ambiguous: exit 0
Running demo_restart
demo_restart: exit 0
Running demo_logical_estop
demo_logical_estop: exit 0
Running demo_cell_fault
demo_cell_fault: exit 0
Running demo_tool_showcase
demo_tool_showcase: exit 0
Running drift
drift: exit 0
Running publication
publication: exit 0
Running publication_final
publication_final: exit 0
Evidence: C:\Users\ramis\source\repos\robotops-twin\docs\evidence\acceptance\20261006T024719
