{
  "passed": true,
  "errors": [],
  "files_checked": [
    "ACCEPTANCE_REPORT.md",
    "blender/scene/README.md",
    "CODEX_GOAL_CHECKLIST.md",
    "docs/adr/0001-durable-synthetic-boundaries.md",
    "docs/adr/0002-acceptance-attestations.md",
    "docs/adr/0003-recorded-motion-illustration.md",
    "docs/adr/0004-full-3d-scenario-replay.md",
    "docs/adr/0005-explicit-fresh-fixture-scene.md",
    "docs/adr/0006-delivery-replay-and-scenario-preparation.md",
    "docs/adr/0007-independent-simulation-tests.md",
    "docs/adr/0008-explicit-reobservation-after-intervention.md",
    "docs/adr/0009-guided-simulation-workflow.md",
    "docs/adr/0010-hkm-inspired-versioned-cell.md",
    "docs/adr/0011-cell-selection-and-test-data-lifecycle.md",
    "docs/adr/0012-evidence-driven-investigation.md",
    "docs/adr/0013-reusable-test-lifecycle.md",
    "docs/adr/template.md",
    "docs/evidence/acceptance/20261005T012342/README.md",
    "docs/evidence/hkm-ci-ca77987/README.md",
    "docs/evidence/hkm-final-audit/README.md",
    "docs/evidence/hkm-planning-performance/README.md",
    "docs/evidence/hkm-publication-review/README.md",
    "docs/evidence/investigation-ui-baseline/README.md",
    "docs/evidence/investigation-ui-development/README.md",
    "docs/evidence/investigation-ui-final/README.md",
    "docs/evidence/reset-verified/README.md",
    "docs/evidence/test-lifecycle-baseline/README.md",
    "docs/evidence/test-management-final/README.md",
    "docs/evidence/test-management-local/README.md",
    "docs/evidence/test-reset-development/README.md",
    "docs/evidence/test-reset-final/README.md",
    "docs/evidence/test-reset-read-drain/README.md",
    "docs/evidence/test-reset-visibility/README.md",
    "docs/generated/product-tool-catalogue.md",
    "docs/implementation/acceptance.md",
    "docs/implementation/blender.md",
    "docs/implementation/contracts.md",
    "docs/implementation/dependencies.md",
    "docs/implementation/desktop.md",
    "docs/implementation/hkm-inspired.md",
    "docs/implementation/investigation.md",
    "docs/implementation/operations.md",
    "docs/implementation/persistence.md",
    "docs/implementation/playback.md",
    "docs/implementation/reconciliation.md",
    "docs/implementation/runtime.md",
    "docs/implementation/scenarios.md",
    "docs/integration-lab-native.md",
    "docs/integration-lab-requirements.md",
    "docs/integration-lab.md",
    "GOAL.md",
    "GOAL_PROGRESS.md",
    "HANDOFF.md",
    "PROJECT_PLAN.md",
    "PUBLICATION.md",
    "README.md",
    "reports/01-design.md",
    "reports/02-avgransning.md",
    "reports/03-diskussion.md",
    "SUCCESS_CRITERIA.md"
  ],
  "must_count": 169,
  "source_count": 31,
  "diagram_count": 13,
  "credential_scan": "tracked text: private-key/token patterns"
}
