2026-10-06T20:11:40.9842764Z Current runner version: '2.337.0'
2026-10-06T20:11:40.9879626Z ##[group]Runner Image Provisioner
2026-10-06T20:11:40.9880782Z Hosted Compute Agent
2026-10-06T20:11:40.9881682Z Version: 20260901.588
2026-10-06T20:11:40.9882619Z Commit: f88ec8081b781fac6c440065ac7ff9e710ce3d0b
2026-10-06T20:11:40.9883714Z Build Date: 2026-09-01T19:56:44Z
2026-10-06T20:11:40.9884837Z Worker ID: {bf54d040-c47f-4970-9906-655910ba555c}
2026-10-06T20:11:40.9886299Z Azure Region: northcentralus
2026-10-06T20:11:40.9887241Z ##[endgroup]
2026-10-06T20:11:40.9889201Z ##[group]Operating System
2026-10-06T20:11:40.9890217Z Microsoft Windows Server 2025
2026-10-06T20:11:40.9891082Z 10.0.26100
2026-10-06T20:11:40.9891913Z Datacenter
2026-10-06T20:11:40.9892690Z ##[endgroup]
2026-10-06T20:11:40.9893488Z ##[group]Runner Image
2026-10-06T20:11:40.9894395Z Image: windows-2025-vs2026
2026-10-06T20:11:40.9895292Z Version: 20260925.250.1
2026-10-06T20:11:40.9898211Z Included Software: https://github.com/actions/runner-images/blob/win25-vs2026/20260925.250/images/windows/Windows2025-VS2026-Readme.md
2026-10-06T20:11:40.9901392Z Image Release: https://github.com/actions/runner-images/releases/tag/win25-vs2026%2F20260925.250
2026-10-06T20:11:40.9903480Z ##[endgroup]
2026-10-06T20:11:40.9905226Z ##[group]GITHUB_TOKEN Permissions
2026-10-06T20:11:40.9907801Z Contents: read
2026-10-06T20:11:40.9908646Z Metadata: read
2026-10-06T20:11:40.9909467Z ##[endgroup]
2026-10-06T20:11:40.9912410Z Secret source: Actions
2026-10-06T20:11:40.9913760Z Cache mode: write
2026-10-06T20:11:40.9914763Z Prepare workflow directory
2026-10-06T20:11:41.0327880Z Prepare all required actions
2026-10-06T20:11:41.0378532Z Getting action download info
2026-10-06T20:11:41.2306197Z Download action repository 'actions/checkout@v4' (SHA:11d5960a326750d5838078e36cf38b85af677262)
2026-10-06T20:11:41.3578279Z Download action repository 'actions/setup-python@v5' (SHA:a26af69be951a213d495a4c3e4e4022e16d87065)
2026-10-06T20:11:41.5046509Z Download action repository 'actions/upload-artifact@v4' (SHA:ea165f8d65b6e75b540449e92b4886f43607fa02)
2026-10-06T20:11:41.8325093Z Complete job name: desktop
2026-10-06T20:11:41.9915311Z ##[group]Run actions/checkout@v4
2026-10-06T20:11:41.9916563Z with:
2026-10-06T20:11:41.9917296Z   repository: raal1600/SICS-RobotOps-Twin-E2E-Warehouse-Robotics-Integration-Simulator
2026-10-06T20:11:41.9921691Z   token: ***
2026-10-06T20:11:41.9922089Z   ssh-strict: true
2026-10-06T20:11:41.9922489Z   ssh-user: git
2026-10-06T20:11:41.9922889Z   persist-credentials: true
2026-10-06T20:11:41.9923348Z   clean: true
2026-10-06T20:11:41.9923760Z   sparse-checkout-cone-mode: true
2026-10-06T20:11:41.9924260Z   fetch-depth: 1
2026-10-06T20:11:41.9924653Z   fetch-tags: false
2026-10-06T20:11:41.9925056Z   show-progress: true
2026-10-06T20:11:41.9925460Z   lfs: false
2026-10-06T20:11:41.9925829Z   submodules: false
2026-10-06T20:11:41.9926234Z   set-safe-directory: true
2026-10-06T20:11:41.9926700Z   allow-unsafe-pr-checkout: false
2026-10-06T20:11:41.9927441Z env:
2026-10-06T20:11:41.9927809Z   GIT_CONFIG_COUNT: 1
2026-10-06T20:11:41.9928292Z   GIT_CONFIG_KEY_0: core.longpaths
2026-10-06T20:11:41.9928787Z   GIT_CONFIG_VALUE_0: true
2026-10-06T20:11:41.9929215Z ##[endgroup]
2026-10-06T20:11:42.1519282Z Syncing repository: raal1600/SICS-RobotOps-Twin-E2E-Warehouse-Robotics-Integration-Simulator
2026-10-06T20:11:42.1521409Z ##[group]Getting Git version info
2026-10-06T20:11:42.1523046Z Working directory is 'D:\a\SICS-RobotOps-Twin-E2E-Warehouse-Robotics-Integration-Simulator\SICS-RobotOps-Twin-E2E-Warehouse-Robotics-Integration-Simulator'
2026-10-06T20:11:42.2299084Z [command]"C:\Program Files\Git\bin\git.exe" version
2026-10-06T20:11:42.5791535Z git version 2.55.0.windows.5
2026-10-06T20:11:42.5850485Z ##[endgroup]
2026-10-06T20:11:42.5877548Z Temporarily overriding HOME='D:\a\_temp\c3c3cbff-d04a-4508-ab83-865bd1c10a39' before making global git config changes
2026-10-06T20:11:42.5879819Z Adding repository directory to the temporary git global config as a safe directory
2026-10-06T20:11:42.5890898Z [command]"C:\Program Files\Git\bin\git.exe" config --global --add safe.directory D:\a\SICS-RobotOps-Twin-E2E-Warehouse-Robotics-Integration-Simulator\SICS-RobotOps-Twin-E2E-Warehouse-Robotics-Integration-Simulator
2026-10-06T20:11:42.6544245Z Deleting the contents of 'D:\a\SICS-RobotOps-Twin-E2E-Warehouse-Robotics-Integration-Simulator\SICS-RobotOps-Twin-E2E-Warehouse-Robotics-Integration-Simulator'
2026-10-06T20:11:42.6549362Z ##[group]Initializing the repository
2026-10-06T20:11:42.6560498Z [command]"C:\Program Files\Git\bin\git.exe" init D:\a\SICS-RobotOps-Twin-E2E-Warehouse-Robotics-Integration-Simulator\SICS-RobotOps-Twin-E2E-Warehouse-Robotics-Integration-Simulator
2026-10-06T20:11:42.7379894Z Initialized empty Git repository in D:/a/SICS-RobotOps-Twin-E2E-Warehouse-Robotics-Integration-Simulator/SICS-RobotOps-Twin-E2E-Warehouse-Robotics-Integration-Simulator/.git/
2026-10-06T20:11:42.7433973Z [command]"C:\Program Files\Git\bin\git.exe" remote add origin https://github.com/raal1600/SICS-RobotOps-Twin-E2E-Warehouse-Robotics-Integration-Simulator
2026-10-06T20:11:42.8048223Z ##[endgroup]
2026-10-06T20:11:42.8049136Z ##[group]Disabling automatic garbage collection
2026-10-06T20:11:42.8057842Z [command]"C:\Program Files\Git\bin\git.exe" config --local gc.auto 0
2026-10-06T20:11:42.8428977Z ##[endgroup]
2026-10-06T20:11:42.8441171Z ##[group]Setting up auth
2026-10-06T20:11:42.8442503Z [command]"C:\Program Files\Git\bin\git.exe" config --local --name-only --get-regexp core\.sshCommand
2026-10-06T20:11:42.8776677Z [command]"C:\Program Files\Git\bin\git.exe" submodule foreach --recursive "sh -c \"git config --local --name-only --get-regexp 'core\.sshCommand' && git config --local --unset-all 'core.sshCommand' || :\""
2026-10-06T20:11:44.2114329Z [command]"C:\Program Files\Git\bin\git.exe" config --local --name-only --get-regexp http\.https\:\/\/github\.com\/\.extraheader
2026-10-06T20:11:44.2435234Z [command]"C:\Program Files\Git\bin\git.exe" submodule foreach --recursive "sh -c \"git config --local --name-only --get-regexp 'http\.https\:\/\/github\.com\/\.extraheader' && git config --local --unset-all 'http.https://github.com/.extraheader' || :\""
2026-10-06T20:11:44.7928417Z [command]"C:\Program Files\Git\bin\git.exe" config --local --name-only --get-regexp ^includeIf\.gitdir:
2026-10-06T20:11:44.8240561Z [command]"C:\Program Files\Git\bin\git.exe" submodule foreach --recursive "git config --local --show-origin --name-only --get-regexp remote.origin.url"
2026-10-06T20:11:45.3980670Z [command]"C:\Program Files\Git\bin\git.exe" config --local http.https://github.com/.extraheader "AUTHORIZATION: basic ***"
2026-10-06T20:11:45.4325878Z ##[endgroup]
2026-10-06T20:11:45.4326460Z ##[group]Fetching the repository
2026-10-06T20:11:45.4344904Z [command]"C:\Program Files\Git\bin\git.exe" -c protocol.version=2 fetch --no-tags --prune --no-recurse-submodules --depth=1 origin +76e6abef95155b09484da9a226612d774ceb493d:refs/remotes/origin/main
2026-10-06T20:11:48.7008679Z From https://github.com/raal1600/SICS-RobotOps-Twin-E2E-Warehouse-Robotics-Integration-Simulator
2026-10-06T20:11:48.7010556Z  * [new ref]         76e6abef95155b09484da9a226612d774ceb493d -> origin/main
2026-10-06T20:11:48.7055785Z ##[endgroup]
2026-10-06T20:11:48.7056411Z ##[group]Determining the checkout info
2026-10-06T20:11:48.7058524Z ##[endgroup]
2026-10-06T20:11:48.7069001Z [command]"C:\Program Files\Git\bin\git.exe" sparse-checkout disable
2026-10-06T20:11:48.7519455Z [command]"C:\Program Files\Git\bin\git.exe" config --local --unset-all extensions.worktreeConfig
2026-10-06T20:11:48.7825181Z ##[group]Checking out the ref
2026-10-06T20:11:48.7834664Z [command]"C:\Program Files\Git\bin\git.exe" checkout --progress --force -B main refs/remotes/origin/main
2026-10-06T20:11:49.8403346Z Updating files:  64% (2179/3373)
2026-10-06T20:11:49.8731675Z Updating files:  65% (2193/3373)
2026-10-06T20:11:49.8898152Z Updating files:  66% (2227/3373)
2026-10-06T20:11:49.9061881Z Updating files:  67% (2260/3373)
2026-10-06T20:11:49.9147857Z Updating files:  68% (2294/3373)
2026-10-06T20:11:49.9241479Z Updating files:  69% (2328/3373)
2026-10-06T20:11:49.9337175Z Updating files:  70% (2362/3373)
2026-10-06T20:11:49.9438821Z Updating files:  71% (2395/3373)
2026-10-06T20:11:49.9810221Z Updating files:  72% (2429/3373)
2026-10-06T20:11:50.0094748Z Updating files:  73% (2463/3373)
2026-10-06T20:11:50.0281641Z Updating files:  74% (2497/3373)
2026-10-06T20:11:50.0353362Z Updating files:  75% (2530/3373)
2026-10-06T20:11:50.0587137Z Updating files:  76% (2564/3373)
2026-10-06T20:11:50.0679778Z Updating files:  77% (2598/3373)
2026-10-06T20:11:50.0769607Z Updating files:  78% (2631/3373)
2026-10-06T20:11:50.0859840Z Updating files:  79% (2665/3373)
2026-10-06T20:11:50.1014115Z Updating files:  80% (2699/3373)
2026-10-06T20:11:50.1266465Z Updating files:  81% (2733/3373)
2026-10-06T20:11:50.1522573Z Updating files:  82% (2766/3373)
2026-10-06T20:11:50.1644611Z Updating files:  83% (2800/3373)
2026-10-06T20:11:50.1800191Z Updating files:  84% (2834/3373)
2026-10-06T20:11:50.2018084Z Updating files:  85% (2868/3373)
2026-10-06T20:11:50.2170071Z Updating files:  86% (2901/3373)
2026-10-06T20:11:50.2299415Z Updating files:  87% (2935/3373)
2026-10-06T20:11:50.2430066Z Updating files:  88% (2969/3373)
2026-10-06T20:11:50.2658841Z Updating files:  89% (3002/3373)
2026-10-06T20:11:50.2886699Z Updating files:  90% (3036/3373)
2026-10-06T20:11:50.3143048Z Updating files:  91% (3070/3373)
2026-10-06T20:11:50.3314349Z Updating files:  92% (3104/3373)
2026-10-06T20:11:50.3419174Z Updating files:  93% (3137/3373)
2026-10-06T20:11:50.3532765Z Updating files:  94% (3171/3373)
2026-10-06T20:11:50.3620676Z Updating files:  95% (3205/3373)
2026-10-06T20:11:50.3698570Z Updating files:  96% (3239/3373)
2026-10-06T20:11:50.3794794Z Updating files:  97% (3272/3373)
2026-10-06T20:11:50.3877979Z Updating files:  98% (3306/3373)
2026-10-06T20:11:50.3979174Z Updating files:  99% (3340/3373)
2026-10-06T20:11:50.3979719Z Updating files: 100% (3373/3373)
2026-10-06T20:11:50.3981251Z Updating files: 100% (3373/3373), done.
2026-10-06T20:11:50.4156923Z Switched to a new branch 'main'
2026-10-06T20:11:50.4221200Z branch 'main' set up to track 'origin/main'.
2026-10-06T20:11:50.4460628Z ##[endgroup]
2026-10-06T20:11:50.4886322Z [command]"C:\Program Files\Git\bin\git.exe" log -1 --format=%H
2026-10-06T20:11:50.5163835Z 76e6abef95155b09484da9a226612d774ceb493d
2026-10-06T20:11:50.5708794Z ##[group]Run actions/setup-python@v5
2026-10-06T20:11:50.5709137Z with:
2026-10-06T20:11:50.5709342Z   python-version-file: .python-version
2026-10-06T20:11:50.5709610Z   check-latest: false
2026-10-06T20:11:50.5712051Z   token: ***
2026-10-06T20:11:50.5712246Z   update-environment: true
2026-10-06T20:11:50.5712477Z   allow-prereleases: false
2026-10-06T20:11:50.5712682Z   freethreaded: false
2026-10-06T20:11:50.5712875Z ##[endgroup]
2026-10-06T20:11:50.7417119Z Resolved .python-version as 3.13.15
2026-10-06T20:11:50.7419077Z ##[group]Installed versions
2026-10-06T20:11:50.7524329Z (node:4832) [DEP0040] DeprecationWarning: The `punycode` module is deprecated. Please use a userland alternative instead.
2026-10-06T20:11:50.7532609Z (Use `node --trace-deprecation ...` to show where the warning was created)
2026-10-06T20:11:50.7550046Z Successfully set up CPython (3.13.15)
2026-10-06T20:11:50.7551086Z ##[endgroup]
2026-10-06T20:11:50.7866675Z ##[group]Run python -m pip install uv==0.12.13
2026-10-06T20:11:50.7867169Z [36;1mpython -m pip install uv==0.12.13[0m
2026-10-06T20:11:50.7867498Z [36;1muv sync --locked --all-groups[0m
2026-10-06T20:11:50.8372018Z shell: C:\Program Files\PowerShell\7\pwsh.EXE -command ". '{0}'"
2026-10-06T20:11:50.8372392Z env:
2026-10-06T20:11:50.8372682Z   pythonLocation: C:\hostedtoolcache\windows\Python\3.13.15\x64
2026-10-06T20:11:50.8373185Z   PKG_CONFIG_PATH: C:\hostedtoolcache\windows\Python\3.13.15\x64/lib/pkgconfig
2026-10-06T20:11:50.8373633Z   Python_ROOT_DIR: C:\hostedtoolcache\windows\Python\3.13.15\x64
2026-10-06T20:11:50.8374362Z   Python2_ROOT_DIR: C:\hostedtoolcache\windows\Python\3.13.15\x64
2026-10-06T20:11:50.8374741Z   Python3_ROOT_DIR: C:\hostedtoolcache\windows\Python\3.13.15\x64
2026-10-06T20:11:50.8375047Z ##[endgroup]
2026-10-06T20:11:56.0931062Z Collecting uv==0.12.13
2026-10-06T20:11:56.3037001Z   Downloading uv-0.12.13-py3-none-win_amd64.whl.metadata (11 kB)
2026-10-06T20:11:56.3298371Z Downloading uv-0.12.13-py3-none-win_amd64.whl (17.7 MB)
2026-10-06T20:11:56.6667790Z    ---------------------------------------- 17.7/17.7 MB 87.2 MB/s  0:00:00
2026-10-06T20:11:56.8500224Z Installing collected packages: uv
2026-10-06T20:11:57.1298164Z Successfully installed uv-0.12.13
2026-10-06T20:11:57.6013761Z Using CPython 3.13.15 interpreter at: C:\hostedtoolcache\windows\Python\3.13.15\x64\python3.exe
2026-10-06T20:11:57.6014758Z Creating virtual environment at: .venv
2026-10-06T20:11:57.6235424Z Resolved 95 packages in 1ms
2026-10-06T20:11:57.8157816Z Downloading mypy (10.9MiB)
2026-10-06T20:11:57.8166709Z Downloading ast-serialize (1.1MiB)
2026-10-06T20:11:57.8231723Z Downloading asyncua (1.3MiB)
2026-10-06T20:11:57.8260548Z Downloading cryptography (3.6MiB)
2026-10-06T20:11:57.8294640Z Downloading pyphen (2.0MiB)
2026-10-06T20:11:57.8311717Z Downloading pydantic-core (1.9MiB)
2026-10-06T20:11:57.8350359Z Downloading pygments (1.2MiB)
2026-10-06T20:11:57.8354635Z Downloading playwright (36.8MiB)
2026-10-06T20:11:57.8359565Z Downloading ruff (10.1MiB)
2026-10-06T20:11:57.8378923Z Downloading pip (1.7MiB)
2026-10-06T20:11:57.8405849Z Downloading pillow (6.9MiB)
2026-10-06T20:11:57.8410226Z Downloading fonttools (2.4MiB)
2026-10-06T20:11:57.8414817Z Downloading psycopg-binary (3.5MiB)
2026-10-06T20:12:00.7413527Z  Downloaded ast-serialize
2026-10-06T20:12:02.1023077Z  Downloaded asyncua
2026-10-06T20:12:02.6519676Z  Downloaded pygments
2026-10-06T20:12:05.2891811Z  Downloaded ruff
2026-10-06T20:12:05.2910967Z  Downloaded pydantic-core
2026-10-06T20:12:05.3193731Z  Downloaded psycopg-binary
2026-10-06T20:12:05.3453377Z  Downloaded pyphen
2026-10-06T20:12:05.3935297Z  Downloaded pillow
2026-10-06T20:12:05.4250219Z  Downloaded cryptography
2026-10-06T20:12:06.0401478Z  Downloaded fonttools
2026-10-06T20:12:06.0446517Z  Downloaded pip
2026-10-06T20:12:06.0643463Z  Downloaded playwright
2026-10-06T20:12:06.7267527Z  Downloaded mypy
2026-10-06T20:12:06.7297441Z Prepared 93 packages in 9.10s
2026-10-06T20:12:06.7331618Z warning: Failed to hardlink files; falling back to full copy. This may lead to degraded performance.
2026-10-06T20:12:06.7343416Z          If the cache and target directories are on different filesystems, hardlinking may not be supported.
2026-10-06T20:12:06.7348937Z          If this is intentional, set `export UV_LINK_MODE=copy` or use `--link-mode=copy` to suppress this warning.
2026-10-06T20:12:09.4032415Z Installed 93 packages in 2.67s
2026-10-06T20:12:09.4037344Z  + aiosqlite==0.22.1
2026-10-06T20:12:09.4039110Z  + annotated-doc==0.0.5
2026-10-06T20:12:09.4040925Z  + annotated-types==0.8.0
2026-10-06T20:12:09.4042664Z  + anyio==4.15.1
2026-10-06T20:12:09.4044677Z  + ast-serialize==0.12.0
2026-10-06T20:12:09.4046383Z  + asyncua==2.0.1
2026-10-06T20:12:09.4048043Z  + attrs==26.1.0
2026-10-06T20:12:09.4049751Z  + bandit==1.9.4
2026-10-06T20:12:09.4051224Z  + boolean-py==5.0
2026-10-06T20:12:09.4056448Z  + brotli==1.2.0
2026-10-06T20:12:09.4056893Z  + cachecontrol==0.14.4
2026-10-06T20:12:09.4057243Z  + certifi==2026.7.22
2026-10-06T20:12:09.4058241Z  + cffi==2.1.1
2026-10-06T20:12:09.4060287Z  + charset-normalizer==3.5.2
2026-10-06T20:12:09.4062139Z  + click==8.5.0
2026-10-06T20:12:09.4063337Z  + colorama==0.4.6
2026-10-06T20:12:09.4064575Z  + coverage==7.16.2
2026-10-06T20:12:09.4066158Z  + cryptography==50.0.2
2026-10-06T20:12:09.4067576Z  + cssselect2==0.10.1
2026-10-06T20:12:09.4068236Z  + cyclonedx-python-lib==11.12.0
2026-10-06T20:12:09.4070124Z  + defusedxml==0.7.1
2026-10-06T20:12:09.4071142Z  + fastapi==0.142.2
2026-10-06T20:12:09.4073084Z  + filelock==4.0.9
2026-10-06T20:12:09.4074249Z  + fonttools==4.66.1
2026-10-06T20:12:09.4075907Z  + greenlet==3.5.6
2026-10-06T20:12:09.4077072Z  + h11==0.16.0
2026-10-06T20:12:09.4078338Z  + httpcore==1.0.9
2026-10-06T20:12:09.4079568Z  + httpx==0.28.1
2026-10-06T20:12:09.4080652Z  + idna==3.20
2026-10-06T20:12:09.4081922Z  + iniconfig==2.3.0
2026-10-06T20:12:09.4083099Z  + jsonschema==4.26.0
2026-10-06T20:12:09.4084594Z  + jsonschema-specifications==2025.9.1
2026-10-06T20:12:09.4085598Z  + librt==0.16.0
2026-10-06T20:12:09.4087360Z  + license-expression==30.4.4
2026-10-06T20:12:09.4088659Z  + markdown-it-py==4.2.0
2026-10-06T20:12:09.4089847Z  + mdurl==0.1.2
2026-10-06T20:12:09.4090993Z  + msgpack==1.2.3
2026-10-06T20:12:09.4092259Z  + mypy==2.4.0
2026-10-06T20:12:09.4093430Z  + mypy-extensions==1.1.0
2026-10-06T20:12:09.4094837Z  + opentelemetry-api==1.45.0
2026-10-06T20:12:09.4096010Z  + packageurl-python==0.17.6
2026-10-06T20:12:09.4096789Z  + packaging==26.3
2026-10-06T20:12:09.4098587Z  + pathspec==1.1.1
2026-10-06T20:12:09.4099747Z  + pika==1.4.4
2026-10-06T20:12:09.4100884Z  + pillow==12.3.0
2026-10-06T20:12:09.4102060Z  + pip==26.2.1
2026-10-06T20:12:09.4103330Z  + pip-api==0.0.35
2026-10-06T20:12:09.4104531Z  + pip-audit==2.10.1
2026-10-06T20:12:09.4106406Z  + pip-requirements-parser==32.0.1
2026-10-06T20:12:09.4107311Z  + platformdirs==4.12.2
2026-10-06T20:12:09.4108811Z  + playwright==1.63.0
2026-10-06T20:12:09.4110404Z  + pluggy==1.6.0
2026-10-06T20:12:09.4111877Z  + psycopg==3.3.6
2026-10-06T20:12:09.4113073Z  + psycopg-binary==3.3.6
2026-10-06T20:12:09.4114151Z  + py-serializable==2.1.0
2026-10-06T20:12:09.4115405Z  + pycparser==3.0
2026-10-06T20:12:09.4116629Z  + pydantic==2.13.5
2026-10-06T20:12:09.4117821Z  + pydantic-core==2.46.5
2026-10-06T20:12:09.4118985Z  + pydyf==0.12.1
2026-10-06T20:12:09.4120135Z  + pyee==13.0.1
2026-10-06T20:12:09.4121300Z  + pygments==2.21.0
2026-10-06T20:12:09.4122476Z  + pyopenssl==26.4.0
2026-10-06T20:12:09.4123650Z  + pyparsing==3.3.3
2026-10-06T20:12:09.4124948Z  + pypdf==6.19.0
2026-10-06T20:12:09.4126085Z  + pyphen==0.18.1
2026-10-06T20:12:09.4127647Z  + pytest==9.1.1
2026-10-06T20:12:09.4128886Z  + pytest-cov==7.1.0
2026-10-06T20:12:09.4130571Z  + python-dateutil==2.9.0.post0
2026-10-06T20:12:09.4131309Z  + pytz==2026.5
2026-10-06T20:12:09.4133120Z  + pyyaml==6.0.3
2026-10-06T20:12:09.4134428Z  + referencing==0.37.0
2026-10-06T20:12:09.4135578Z  + requests==2.34.2
2026-10-06T20:12:09.4136860Z  + rich==15.0.0
2026-10-06T20:12:09.4138060Z  + rpds-py==2026.6.3
2026-10-06T20:12:09.4139253Z  + ruff==0.16.10
2026-10-06T20:12:09.4140407Z  + six==1.17.0
2026-10-06T20:12:09.4142008Z  + sortedcontainers==2.4.0
2026-10-06T20:12:09.4143168Z  + starlette==1.7.0
2026-10-06T20:12:09.4144413Z  + stevedore==5.9.1
2026-10-06T20:12:09.4145595Z  + tinycss2==1.5.1
2026-10-06T20:12:09.4146738Z  + tinyhtml5==2.1.0
2026-10-06T20:12:09.4147909Z  + tomli==2.4.1
2026-10-06T20:12:09.4149276Z  + tomli-w==1.2.0
2026-10-06T20:12:09.4151005Z  + types-jsonschema==4.26.0.20260518
2026-10-06T20:12:09.4152206Z  + typing-extensions==4.16.0
2026-10-06T20:12:09.4153417Z  + typing-inspection==0.4.4
2026-10-06T20:12:09.4154146Z  + tzdata==2026.5
2026-10-06T20:12:09.4155935Z  + urllib3==2.8.0
2026-10-06T20:12:09.4157098Z  + uvicorn==0.54.0
2026-10-06T20:12:09.4158167Z  + weasyprint==70.0
2026-10-06T20:12:09.4161180Z  + webencodings==0.6.1
2026-10-06T20:12:09.4161594Z  + websockets==17.2
2026-10-06T20:12:09.4162007Z  + zopfli==0.4.3
2026-10-06T20:12:09.5579787Z ##[group]Run ./tools/build-desktop.ps1 -RestoreDependencies
2026-10-06T20:12:09.5580348Z [36;1m./tools/build-desktop.ps1 -RestoreDependencies[0m
2026-10-06T20:12:09.5653839Z shell: C:\Windows\System32\WindowsPowerShell\v1.0\powershell.EXE -command ". '{0}'"
2026-10-06T20:12:09.5654307Z env:
2026-10-06T20:12:09.5654595Z   pythonLocation: C:\hostedtoolcache\windows\Python\3.13.15\x64
2026-10-06T20:12:09.5655050Z   PKG_CONFIG_PATH: C:\hostedtoolcache\windows\Python\3.13.15\x64/lib/pkgconfig
2026-10-06T20:12:09.5656738Z   Python_ROOT_DIR: C:\hostedtoolcache\windows\Python\3.13.15\x64
2026-10-06T20:12:09.5657133Z   Python2_ROOT_DIR: C:\hostedtoolcache\windows\Python\3.13.15\x64
2026-10-06T20:12:09.5657510Z   Python3_ROOT_DIR: C:\hostedtoolcache\windows\Python\3.13.15\x64
2026-10-06T20:12:09.5657815Z ##[endgroup]
2026-10-06T20:12:29.3713837Z Built: D:\a\SICS-RobotOps-Twin-E2E-Warehouse-Robotics-Integration-Simulator\SICS-RobotOps-Twin-E2E-Warehouse-Robotics-Integration-Simulator\artifacts\desktop\RobotOps Twin\RobotOps Twin.exe
2026-10-06T20:12:29.4351776Z ##[group]Run ./tools/test-desktop.ps1 -Runtime headless
2026-10-06T20:12:29.4352286Z [36;1m./tools/test-desktop.ps1 -Runtime headless[0m
2026-10-06T20:12:29.4420964Z shell: C:\Windows\System32\WindowsPowerShell\v1.0\powershell.EXE -command ". '{0}'"
2026-10-06T20:12:29.4421378Z env:
2026-10-06T20:12:29.4421651Z   pythonLocation: C:\hostedtoolcache\windows\Python\3.13.15\x64
2026-10-06T20:12:29.4422110Z   PKG_CONFIG_PATH: C:\hostedtoolcache\windows\Python\3.13.15\x64/lib/pkgconfig
2026-10-06T20:12:29.4422558Z   Python_ROOT_DIR: C:\hostedtoolcache\windows\Python\3.13.15\x64
2026-10-06T20:12:29.4422961Z   Python2_ROOT_DIR: C:\hostedtoolcache\windows\Python\3.13.15\x64
2026-10-06T20:12:29.4423339Z   Python3_ROOT_DIR: C:\hostedtoolcache\windows\Python\3.13.15\x64
2026-10-06T20:12:29.4423644Z ##[endgroup]
2026-10-06T20:12:46.2148071Z {
2026-10-06T20:12:46.2150051Z     "data":  "D:\\a\\SICS-RobotOps-Twin-E2E-Warehouse-Robotics-Integration-Simulator\\SICS-RobotOps-Twin-E2E-Warehouse-Robotics-Integration-Simulator\\artifacts\\desktop-smoke\\dbf3ff39a776422d85e732970bc3580d test data",
2026-10-06T20:12:46.2151723Z     "passed":  true,
2026-10-06T20:12:46.2152036Z     "checks":  [
2026-10-06T20:12:46.2152442Z                    "native window rendered with owned loopback API",
2026-10-06T20:12:46.2153067Z                    "duplicate launch reuses window without new backend",
2026-10-06T20:12:46.2153719Z                    "window close drains backend and releases port",
2026-10-06T20:12:46.2154377Z                    "reopen reconciles original command with exactly one pick",
2026-10-06T20:12:46.2155072Z                    "abrupt desktop termination also stops owned backend",
2026-10-06T20:12:46.2155709Z                    "reopen after forced close preserves completed work"
2026-10-06T20:12:46.2156212Z                ],
2026-10-06T20:12:46.2156514Z     "source_dirty":  false,
2026-10-06T20:12:46.2156988Z     "source_commit":  "76e6abef95155b09484da9a226612d774ceb493d",
2026-10-06T20:12:46.2157822Z     "test_script_sha256":  "e9a277e956e7fe06e4d565926c76b12ba39eb9f5ea04feae4d6b30407c52ebef",
2026-10-06T20:12:46.2158745Z     "runtime":  "headless"
2026-10-06T20:12:46.2159083Z }
2026-10-06T20:12:46.2601480Z ##[group]Run actions/upload-artifact@v4
2026-10-06T20:12:46.2601822Z with:
2026-10-06T20:12:46.2602035Z   name: windows-desktop-evidence
2026-10-06T20:12:46.2602636Z   path: artifacts/desktop/RobotOps Twin/
artifacts/desktop-smoke/**/evidence.json
artifacts/desktop-smoke/**/sessions/

2026-10-06T20:12:46.2603175Z   if-no-files-found: error
2026-10-06T20:12:46.2603399Z   compression-level: 6
2026-10-06T20:12:46.2603609Z   overwrite: false
2026-10-06T20:12:46.2603809Z   include-hidden-files: false
2026-10-06T20:12:46.2604023Z env:
2026-10-06T20:12:46.2604284Z   pythonLocation: C:\hostedtoolcache\windows\Python\3.13.15\x64
2026-10-06T20:12:46.2604724Z   PKG_CONFIG_PATH: C:\hostedtoolcache\windows\Python\3.13.15\x64/lib/pkgconfig
2026-10-06T20:12:46.2605151Z   Python_ROOT_DIR: C:\hostedtoolcache\windows\Python\3.13.15\x64
2026-10-06T20:12:46.2605536Z   Python2_ROOT_DIR: C:\hostedtoolcache\windows\Python\3.13.15\x64
2026-10-06T20:12:46.2605957Z   Python3_ROOT_DIR: C:\hostedtoolcache\windows\Python\3.13.15\x64
2026-10-06T20:12:46.2606262Z ##[endgroup]
2026-10-06T20:12:46.4573929Z (node:6556) [DEP0040] DeprecationWarning: The `punycode` module is deprecated. Please use a userland alternative instead.
2026-10-06T20:12:46.4575563Z (Use `node --trace-deprecation ...` to show where the warning was created)
2026-10-06T20:12:46.4770223Z Multiple search paths detected. Calculating the least common ancestor of all paths
2026-10-06T20:12:46.4774513Z The least common ancestor is D:\a\SICS-RobotOps-Twin-E2E-Warehouse-Robotics-Integration-Simulator\SICS-RobotOps-Twin-E2E-Warehouse-Robotics-Integration-Simulator\artifacts. This will be the root directory of the artifact
2026-10-06T20:12:46.4775654Z With the provided path, there will be 28 files uploaded
2026-10-06T20:12:46.4779776Z Artifact name is valid!
2026-10-06T20:12:46.4781110Z Root directory input is valid!
2026-10-06T20:12:46.7615202Z Beginning upload of artifact content to blob storage
2026-10-06T20:12:46.8502370Z (node:6556) [DEP0169] DeprecationWarning: `url.parse()` behavior is not standardized and prone to errors that have security implications. Use the WHATWG URL API instead. CVEs are not issued for `url.parse()` vulnerabilities.
2026-10-06T20:12:47.1310464Z Uploaded bytes 269680
2026-10-06T20:12:47.1717733Z Finished uploading artifact content to blob storage!
2026-10-06T20:12:47.1718559Z SHA256 digest of uploaded artifact zip is 0601bf23b2a29006c8943fcefdee85b1b729719de2951ae22dac3db6cd491c15
2026-10-06T20:12:47.1721142Z Finalizing artifact upload
2026-10-06T20:12:47.4176346Z Artifact windows-desktop-evidence.zip successfully finalized. Artifact ID 11442255852
2026-10-06T20:12:47.4177293Z Artifact windows-desktop-evidence has been successfully uploaded! Final size is 269680 bytes. Artifact ID is 11442255852
2026-10-06T20:12:47.4187930Z Artifact download URL: https://github.com/raal1600/SICS-RobotOps-Twin-E2E-Warehouse-Robotics-Integration-Simulator/actions/runs/37524578604/artifacts/11442255852
2026-10-06T20:12:47.4542581Z Post job cleanup.
2026-10-06T20:12:47.6046761Z (node:6928) [DEP0040] DeprecationWarning: The `punycode` module is deprecated. Please use a userland alternative instead.
2026-10-06T20:12:47.6047500Z (Use `node --trace-deprecation ...` to show where the warning was created)
2026-10-06T20:12:47.6356294Z Post job cleanup.
2026-10-06T20:12:47.8411306Z [command]"C:\Program Files\Git\bin\git.exe" version
2026-10-06T20:12:47.8703043Z git version 2.55.0.windows.5
2026-10-06T20:12:47.8768689Z Temporarily overriding HOME='D:\a\_temp\167bac39-8b83-4cd0-bd04-7c25225ccedf' before making global git config changes
2026-10-06T20:12:47.8770554Z Adding repository directory to the temporary git global config as a safe directory
2026-10-06T20:12:47.8780683Z [command]"C:\Program Files\Git\bin\git.exe" config --global --add safe.directory D:\a\SICS-RobotOps-Twin-E2E-Warehouse-Robotics-Integration-Simulator\SICS-RobotOps-Twin-E2E-Warehouse-Robotics-Integration-Simulator
2026-10-06T20:12:47.9096224Z [command]"C:\Program Files\Git\bin\git.exe" config --local --name-only --get-regexp core\.sshCommand
2026-10-06T20:12:47.9410528Z [command]"C:\Program Files\Git\bin\git.exe" submodule foreach --recursive "sh -c \"git config --local --name-only --get-regexp 'core\.sshCommand' && git config --local --unset-all 'core.sshCommand' || :\""
2026-10-06T20:12:48.5054656Z [command]"C:\Program Files\Git\bin\git.exe" config --local --name-only --get-regexp http\.https\:\/\/github\.com\/\.extraheader
2026-10-06T20:12:48.5334236Z http.https://github.com/.extraheader
2026-10-06T20:12:48.5384162Z [command]"C:\Program Files\Git\bin\git.exe" config --local --unset-all http.https://github.com/.extraheader
2026-10-06T20:12:48.5714375Z [command]"C:\Program Files\Git\bin\git.exe" submodule foreach --recursive "sh -c \"git config --local --name-only --get-regexp 'http\.https\:\/\/github\.com\/\.extraheader' && git config --local --unset-all 'http.https://github.com/.extraheader' || :\""
2026-10-06T20:12:49.1466798Z [command]"C:\Program Files\Git\bin\git.exe" config --local --name-only --get-regexp ^includeIf\.gitdir:
2026-10-06T20:12:49.1786216Z [command]"C:\Program Files\Git\bin\git.exe" submodule foreach --recursive "git config --local --show-origin --name-only --get-regexp remote.origin.url"
2026-10-06T20:12:49.7582668Z Cleaning up orphan processes
2026-10-06T20:12:49.7762854Z ##[warning]Node.js 20 is deprecated. The following actions target Node.js 20 but are being forced to run on Node.js 24: actions/checkout@v4, actions/setup-python@v5, actions/upload-artifact@v4. For more information see: https://github.blog/changelog/2025-09-19-deprecation-of-node-20-on-github-actions-runners/
