2026-10-06T20:04:37.8884938Z Current runner version: '2.337.0'
2026-10-06T20:04:37.8906599Z ##[group]Runner Image Provisioner
2026-10-06T20:04:37.8907252Z Hosted Compute Agent
2026-10-06T20:04:37.8907712Z Version: 20260901.588
2026-10-06T20:04:37.8908205Z Commit: f88ec8081b781fac6c440065ac7ff9e710ce3d0b
2026-10-06T20:04:37.8909011Z Build Date: 2026-09-01T19:56:44Z
2026-10-06T20:04:37.8909677Z Worker ID: {77836c14-0d57-48f4-a6f2-79c5e534c027}
2026-10-06T20:04:37.8910218Z Azure Region: westus3
2026-10-06T20:04:37.8910678Z ##[endgroup]
2026-10-06T20:04:37.8911798Z ##[group]Operating System
2026-10-06T20:04:37.8912271Z Microsoft Windows Server 2025
2026-10-06T20:04:37.8912740Z 10.0.26100
2026-10-06T20:04:37.8913128Z Datacenter
2026-10-06T20:04:37.8913507Z ##[endgroup]
2026-10-06T20:04:37.8913932Z ##[group]Runner Image
2026-10-06T20:04:37.8914381Z Image: windows-2025-vs2026
2026-10-06T20:04:37.8914829Z Version: 20260925.250.1
2026-10-06T20:04:37.8916065Z Included Software: https://github.com/actions/runner-images/blob/win25-vs2026/20260925.250/images/windows/Windows2025-VS2026-Readme.md
2026-10-06T20:04:37.8917349Z Image Release: https://github.com/actions/runner-images/releases/tag/win25-vs2026%2F20260925.250
2026-10-06T20:04:37.8918093Z ##[endgroup]
2026-10-06T20:04:37.8918953Z ##[group]GITHUB_TOKEN Permissions
2026-10-06T20:04:37.8920375Z Contents: read
2026-10-06T20:04:37.8920897Z Metadata: read
2026-10-06T20:04:37.8921305Z ##[endgroup]
2026-10-06T20:04:37.8922929Z Secret source: Actions
2026-10-06T20:04:37.8923672Z Cache mode: write
2026-10-06T20:04:37.8924276Z Prepare workflow directory
2026-10-06T20:04:37.9227956Z Prepare all required actions
2026-10-06T20:04:37.9284383Z Getting action download info
2026-10-06T20:04:38.2212344Z Download action repository 'actions/checkout@v4' (SHA:11d5960a326750d5838078e36cf38b85af677262)
2026-10-06T20:04:38.3278838Z Download action repository 'actions/setup-python@v5' (SHA:a26af69be951a213d495a4c3e4e4022e16d87065)
2026-10-06T20:04:38.4642692Z Download action repository 'actions/upload-artifact@v4' (SHA:ea165f8d65b6e75b540449e92b4886f43607fa02)
2026-10-06T20:04:38.7582644Z Complete job name: desktop
2026-10-06T20:04:38.8878432Z ##[group]Run actions/checkout@v4
2026-10-06T20:04:38.8879347Z with:
2026-10-06T20:04:38.8879900Z   repository: raal1600/SICS-RobotOps-Twin-E2E-Warehouse-Robotics-Integration-Simulator
2026-10-06T20:04:38.8883491Z   token: ***
2026-10-06T20:04:38.8883800Z   ssh-strict: true
2026-10-06T20:04:38.8884116Z   ssh-user: git
2026-10-06T20:04:38.8884433Z   persist-credentials: true
2026-10-06T20:04:38.8884786Z   clean: true
2026-10-06T20:04:38.8885109Z   sparse-checkout-cone-mode: true
2026-10-06T20:04:38.8885486Z   fetch-depth: 1
2026-10-06T20:04:38.8885798Z   fetch-tags: false
2026-10-06T20:04:38.8886110Z   show-progress: true
2026-10-06T20:04:38.8886420Z   lfs: false
2026-10-06T20:04:38.8886709Z   submodules: false
2026-10-06T20:04:38.8887023Z   set-safe-directory: true
2026-10-06T20:04:38.8887396Z   allow-unsafe-pr-checkout: false
2026-10-06T20:04:38.8887974Z ##[endgroup]
2026-10-06T20:04:39.0100136Z Syncing repository: raal1600/SICS-RobotOps-Twin-E2E-Warehouse-Robotics-Integration-Simulator
2026-10-06T20:04:39.0101721Z ##[group]Getting Git version info
2026-10-06T20:04:39.0102762Z Working directory is 'D:\a\SICS-RobotOps-Twin-E2E-Warehouse-Robotics-Integration-Simulator\SICS-RobotOps-Twin-E2E-Warehouse-Robotics-Integration-Simulator'
2026-10-06T20:04:39.0804812Z [command]"C:\Program Files\Git\bin\git.exe" version
2026-10-06T20:04:39.4575861Z git version 2.55.0.windows.5
2026-10-06T20:04:39.4624937Z ##[endgroup]
2026-10-06T20:04:39.4645041Z Temporarily overriding HOME='D:\a\_temp\6de15a5d-cf47-40df-9fb0-350f6f5f1943' before making global git config changes
2026-10-06T20:04:39.4646216Z Adding repository directory to the temporary git global config as a safe directory
2026-10-06T20:04:39.4656324Z [command]"C:\Program Files\Git\bin\git.exe" config --global --add safe.directory D:\a\SICS-RobotOps-Twin-E2E-Warehouse-Robotics-Integration-Simulator\SICS-RobotOps-Twin-E2E-Warehouse-Robotics-Integration-Simulator
2026-10-06T20:04:39.5279352Z Deleting the contents of 'D:\a\SICS-RobotOps-Twin-E2E-Warehouse-Robotics-Integration-Simulator\SICS-RobotOps-Twin-E2E-Warehouse-Robotics-Integration-Simulator'
2026-10-06T20:04:39.5283332Z ##[group]Initializing the repository
2026-10-06T20:04:39.5291360Z [command]"C:\Program Files\Git\bin\git.exe" init D:\a\SICS-RobotOps-Twin-E2E-Warehouse-Robotics-Integration-Simulator\SICS-RobotOps-Twin-E2E-Warehouse-Robotics-Integration-Simulator
2026-10-06T20:04:39.6119471Z Initialized empty Git repository in D:/a/SICS-RobotOps-Twin-E2E-Warehouse-Robotics-Integration-Simulator/SICS-RobotOps-Twin-E2E-Warehouse-Robotics-Integration-Simulator/.git/
2026-10-06T20:04:39.6159300Z [command]"C:\Program Files\Git\bin\git.exe" remote add origin https://github.com/raal1600/SICS-RobotOps-Twin-E2E-Warehouse-Robotics-Integration-Simulator
2026-10-06T20:04:39.6762901Z ##[endgroup]
2026-10-06T20:04:39.6763657Z ##[group]Disabling automatic garbage collection
2026-10-06T20:04:39.6771011Z [command]"C:\Program Files\Git\bin\git.exe" config --local gc.auto 0
2026-10-06T20:04:39.7038995Z ##[endgroup]
2026-10-06T20:04:39.7040327Z ##[group]Setting up auth
2026-10-06T20:04:39.7049499Z [command]"C:\Program Files\Git\bin\git.exe" config --local --name-only --get-regexp core\.sshCommand
2026-10-06T20:04:39.7298569Z [command]"C:\Program Files\Git\bin\git.exe" submodule foreach --recursive "sh -c \"git config --local --name-only --get-regexp 'core\.sshCommand' && git config --local --unset-all 'core.sshCommand' || :\""
2026-10-06T20:04:41.1551956Z [command]"C:\Program Files\Git\bin\git.exe" config --local --name-only --get-regexp http\.https\:\/\/github\.com\/\.extraheader
2026-10-06T20:04:41.1799309Z [command]"C:\Program Files\Git\bin\git.exe" submodule foreach --recursive "sh -c \"git config --local --name-only --get-regexp 'http\.https\:\/\/github\.com\/\.extraheader' && git config --local --unset-all 'http.https://github.com/.extraheader' || :\""
2026-10-06T20:04:41.6113925Z [command]"C:\Program Files\Git\bin\git.exe" config --local --name-only --get-regexp ^includeIf\.gitdir:
2026-10-06T20:04:41.6381726Z [command]"C:\Program Files\Git\bin\git.exe" submodule foreach --recursive "git config --local --show-origin --name-only --get-regexp remote.origin.url"
2026-10-06T20:04:42.1066465Z [command]"C:\Program Files\Git\bin\git.exe" config --local http.https://github.com/.extraheader "AUTHORIZATION: basic ***"
2026-10-06T20:04:42.1343358Z ##[endgroup]
2026-10-06T20:04:42.1344047Z ##[group]Fetching the repository
2026-10-06T20:04:42.1354079Z [command]"C:\Program Files\Git\bin\git.exe" -c protocol.version=2 fetch --no-tags --prune --no-recurse-submodules --depth=1 origin +b38fb0f0106f850aacb08f0f250cec5e22ebcfd4:refs/remotes/origin/main
2026-10-06T20:04:47.3229400Z From https://github.com/raal1600/SICS-RobotOps-Twin-E2E-Warehouse-Robotics-Integration-Simulator
2026-10-06T20:04:47.3263666Z  * [new ref]         b38fb0f0106f850aacb08f0f250cec5e22ebcfd4 -> origin/main
2026-10-06T20:04:47.3265558Z ##[endgroup]
2026-10-06T20:04:47.3265920Z ##[group]Determining the checkout info
2026-10-06T20:04:47.3267808Z ##[endgroup]
2026-10-06T20:04:47.3280256Z [command]"C:\Program Files\Git\bin\git.exe" sparse-checkout disable
2026-10-06T20:04:47.3679471Z [command]"C:\Program Files\Git\bin\git.exe" config --local --unset-all extensions.worktreeConfig
2026-10-06T20:04:47.3934849Z ##[group]Checking out the ref
2026-10-06T20:04:47.3942170Z [command]"C:\Program Files\Git\bin\git.exe" checkout --progress --force -B main refs/remotes/origin/main
2026-10-06T20:04:48.4480355Z Updating files:  67% (2272/3373)
2026-10-06T20:04:48.4555907Z Updating files:  68% (2294/3373)
2026-10-06T20:04:48.4639148Z Updating files:  69% (2328/3373)
2026-10-06T20:04:48.4722274Z Updating files:  70% (2362/3373)
2026-10-06T20:04:48.4808627Z Updating files:  71% (2395/3373)
2026-10-06T20:04:48.4964497Z Updating files:  72% (2429/3373)
2026-10-06T20:04:48.4980614Z ##[error]error: unable to create file docs/evidence/lab-a881acf/response-sync-correction/delayed-body/browser-json/20261006T023527163778-viewport0-SyntheticRuntime.json: Filename too long
2026-10-06T20:04:48.5325550Z Updating files:  73% (2463/3373)
2026-10-06T20:04:48.5479795Z Updating files:  74% (2497/3373)
2026-10-06T20:04:48.5545773Z Updating files:  75% (2530/3373)
2026-10-06T20:04:48.5730920Z Updating files:  76% (2564/3373)
2026-10-06T20:04:48.5807422Z Updating files:  77% (2598/3373)
2026-10-06T20:04:48.5882697Z Updating files:  78% (2631/3373)
2026-10-06T20:04:48.5960184Z Updating files:  79% (2665/3373)
2026-10-06T20:04:48.6091118Z Updating files:  80% (2699/3373)
2026-10-06T20:04:48.6292905Z Updating files:  81% (2733/3373)
2026-10-06T20:04:48.6496889Z Updating files:  82% (2766/3373)
2026-10-06T20:04:48.6598252Z Updating files:  83% (2800/3373)
2026-10-06T20:04:48.6713458Z Updating files:  84% (2834/3373)
2026-10-06T20:04:48.6866287Z Updating files:  85% (2868/3373)
2026-10-06T20:04:48.6986042Z Updating files:  86% (2901/3373)
2026-10-06T20:04:48.7092483Z Updating files:  87% (2935/3373)
2026-10-06T20:04:48.7199181Z Updating files:  88% (2969/3373)
2026-10-06T20:04:48.7365215Z Updating files:  89% (3002/3373)
2026-10-06T20:04:48.7560111Z Updating files:  90% (3036/3373)
2026-10-06T20:04:48.7774390Z Updating files:  91% (3070/3373)
2026-10-06T20:04:48.7919259Z Updating files:  92% (3104/3373)
2026-10-06T20:04:48.8010063Z Updating files:  93% (3137/3373)
2026-10-06T20:04:48.8102825Z Updating files:  94% (3171/3373)
2026-10-06T20:04:48.8178437Z Updating files:  95% (3205/3373)
2026-10-06T20:04:48.8244622Z Updating files:  96% (3239/3373)
2026-10-06T20:04:48.8321298Z Updating files:  97% (3272/3373)
2026-10-06T20:04:48.8391225Z Updating files:  98% (3306/3373)
2026-10-06T20:04:48.8470534Z Updating files:  99% (3340/3373)
2026-10-06T20:04:48.8470902Z Updating files: 100% (3373/3373)
2026-10-06T20:04:48.8471175Z Updating files: 100% (3373/3373), done.
2026-10-06T20:04:48.8616274Z Switched to a new branch 'main'
2026-10-06T20:04:48.8693303Z branch 'main' set up to track 'origin/main'.
2026-10-06T20:04:48.8924947Z ##[error]The process 'C:\Program Files\Git\bin\git.exe' failed with exit code 1
2026-10-06T20:04:48.9319376Z ##[group]Run actions/upload-artifact@v4
2026-10-06T20:04:48.9319679Z with:
2026-10-06T20:04:48.9319849Z   name: windows-desktop-evidence
2026-10-06T20:04:48.9320321Z   path: artifacts/desktop/RobotOps Twin/
artifacts/desktop-smoke/**/evidence.json
artifacts/desktop-smoke/**/sessions/

2026-10-06T20:04:48.9320748Z   if-no-files-found: error
2026-10-06T20:04:48.9320924Z   compression-level: 6
2026-10-06T20:04:48.9321088Z   overwrite: false
2026-10-06T20:04:48.9321251Z   include-hidden-files: false
2026-10-06T20:04:48.9321429Z ##[endgroup]
2026-10-06T20:04:49.0922666Z (node:5440) [DEP0040] DeprecationWarning: The `punycode` module is deprecated. Please use a userland alternative instead.
2026-10-06T20:04:49.0923472Z (Use `node --trace-deprecation ...` to show where the warning was created)
2026-10-06T20:04:49.0970348Z Multiple search paths detected. Calculating the least common ancestor of all paths
2026-10-06T20:04:49.0974699Z The least common ancestor is D:\a\SICS-RobotOps-Twin-E2E-Warehouse-Robotics-Integration-Simulator\SICS-RobotOps-Twin-E2E-Warehouse-Robotics-Integration-Simulator\artifacts. This will be the root directory of the artifact
2026-10-06T20:04:49.0977998Z ##[error]No files were found with the provided path: artifacts/desktop/RobotOps Twin/
artifacts/desktop-smoke/**/evidence.json
artifacts/desktop-smoke/**/sessions/. No artifacts will be uploaded.
2026-10-06T20:04:49.1300077Z Post job cleanup.
2026-10-06T20:04:49.2651345Z [command]"C:\Program Files\Git\bin\git.exe" version
2026-10-06T20:04:49.2880946Z git version 2.55.0.windows.5
2026-10-06T20:04:49.2938946Z Temporarily overriding HOME='D:\a\_temp\bb3887ea-bac2-489b-a295-5787a841a9ca' before making global git config changes
2026-10-06T20:04:49.2939873Z Adding repository directory to the temporary git global config as a safe directory
2026-10-06T20:04:49.2947809Z [command]"C:\Program Files\Git\bin\git.exe" config --global --add safe.directory D:\a\SICS-RobotOps-Twin-E2E-Warehouse-Robotics-Integration-Simulator\SICS-RobotOps-Twin-E2E-Warehouse-Robotics-Integration-Simulator
2026-10-06T20:04:49.3252172Z [command]"C:\Program Files\Git\bin\git.exe" config --local --name-only --get-regexp core\.sshCommand
2026-10-06T20:04:49.3543188Z [command]"C:\Program Files\Git\bin\git.exe" submodule foreach --recursive "sh -c \"git config --local --name-only --get-regexp 'core\.sshCommand' && git config --local --unset-all 'core.sshCommand' || :\""
2026-10-06T20:04:49.8310634Z [command]"C:\Program Files\Git\bin\git.exe" config --local --name-only --get-regexp http\.https\:\/\/github\.com\/\.extraheader
2026-10-06T20:04:49.8569811Z http.https://github.com/.extraheader
2026-10-06T20:04:49.8627215Z [command]"C:\Program Files\Git\bin\git.exe" config --local --unset-all http.https://github.com/.extraheader
2026-10-06T20:04:49.8926853Z [command]"C:\Program Files\Git\bin\git.exe" submodule foreach --recursive "sh -c \"git config --local --name-only --get-regexp 'http\.https\:\/\/github\.com\/\.extraheader' && git config --local --unset-all 'http.https://github.com/.extraheader' || :\""
2026-10-06T20:04:50.3663008Z [command]"C:\Program Files\Git\bin\git.exe" config --local --name-only --get-regexp ^includeIf\.gitdir:
2026-10-06T20:04:50.3940579Z [command]"C:\Program Files\Git\bin\git.exe" submodule foreach --recursive "git config --local --show-origin --name-only --get-regexp remote.origin.url"
2026-10-06T20:04:50.8877848Z Cleaning up orphan processes
2026-10-06T20:04:50.8911179Z ##[warning]Node.js 20 is deprecated. The following actions target Node.js 20 but are being forced to run on Node.js 24: actions/checkout@v4, actions/upload-artifact@v4. For more information see: https://github.blog/changelog/2025-09-19-deprecation-of-node-20-on-github-actions-runners/

