2026-10-05T02:45:04.7316985Z Current runner version: '2.337.0'
2026-10-05T02:45:04.7344337Z ##[group]Runner Image Provisioner
2026-10-05T02:45:04.7345263Z Hosted Compute Agent
2026-10-05T02:45:04.7345859Z Version: 20260901.588
2026-10-05T02:45:04.7346551Z Commit: f88ec8081b781fac6c440065ac7ff9e710ce3d0b
2026-10-05T02:45:04.7347238Z Build Date: 2026-09-01T19:56:44Z
2026-10-05T02:45:04.7347920Z Worker ID: {c7556dbe-7b31-4a45-a9f7-b4d71af4dfb1}
2026-10-05T02:45:04.7348637Z Azure Region: northcentralus
2026-10-05T02:45:04.7349210Z ##[endgroup]
2026-10-05T02:45:04.7350645Z ##[group]Operating System
2026-10-05T02:45:04.7351283Z Microsoft Windows Server 2025
2026-10-05T02:45:04.7351946Z 10.0.26100
2026-10-05T02:45:04.7352453Z Datacenter
2026-10-05T02:45:04.7352939Z ##[endgroup]
2026-10-05T02:45:04.7353515Z ##[group]Runner Image
2026-10-05T02:45:04.7354076Z Image: windows-2025-vs2026
2026-10-05T02:45:04.7354659Z Version: 20260925.250.1
2026-10-05T02:45:04.7356104Z Included Software: https://github.com/actions/runner-images/blob/win25-vs2026/20260925.250/images/windows/Windows2025-VS2026-Readme.md
2026-10-05T02:45:04.7358905Z Image Release: https://github.com/actions/runner-images/releases/tag/win25-vs2026%2F20260925.250
2026-10-05T02:45:04.7359924Z ##[endgroup]
2026-10-05T02:45:04.7361381Z ##[group]GITHUB_TOKEN Permissions
2026-10-05T02:45:04.7363372Z Contents: read
2026-10-05T02:45:04.7364005Z Metadata: read
2026-10-05T02:45:04.7364532Z ##[endgroup]
2026-10-05T02:45:04.7366609Z Secret source: Actions
2026-10-05T02:45:04.7367590Z Cache mode: write
2026-10-05T02:45:04.7368255Z Prepare workflow directory
2026-10-05T02:45:04.7714439Z Prepare all required actions
2026-10-05T02:45:04.7768231Z Getting action download info
2026-10-05T02:45:04.9943042Z Download action repository 'actions/checkout@v4' (SHA:11d5960a326750d5838078e36cf38b85af677262)
2026-10-05T02:45:05.1228887Z Download action repository 'actions/setup-python@v5' (SHA:a26af69be951a213d495a4c3e4e4022e16d87065)
2026-10-05T02:45:05.2732376Z Download action repository 'actions/upload-artifact@v4' (SHA:ea165f8d65b6e75b540449e92b4886f43607fa02)
2026-10-05T02:45:05.6374832Z Complete job name: desktop
2026-10-05T02:45:05.8196927Z ##[group]Run actions/checkout@v4
2026-10-05T02:45:05.8198282Z with:
2026-10-05T02:45:05.8199086Z   repository: raal1600/SICS-RobotOps-Twin-E2E-Warehouse-Robotics-Integration-Simulator
2026-10-05T02:45:05.8203966Z   token: ***
2026-10-05T02:45:05.8204445Z   ssh-strict: true
2026-10-05T02:45:05.8204902Z   ssh-user: git
2026-10-05T02:45:05.8205580Z   persist-credentials: true
2026-10-05T02:45:05.8206104Z   clean: true
2026-10-05T02:45:05.8206564Z   sparse-checkout-cone-mode: true
2026-10-05T02:45:05.8207101Z   fetch-depth: 1
2026-10-05T02:45:05.8207550Z   fetch-tags: false
2026-10-05T02:45:05.8208009Z   show-progress: true
2026-10-05T02:45:05.8208461Z   lfs: false
2026-10-05T02:45:05.8208890Z   submodules: false
2026-10-05T02:45:05.8209371Z   set-safe-directory: true
2026-10-05T02:45:05.8209879Z   allow-unsafe-pr-checkout: false
2026-10-05T02:45:05.8210770Z ##[endgroup]
2026-10-05T02:45:05.9781254Z Syncing repository: raal1600/SICS-RobotOps-Twin-E2E-Warehouse-Robotics-Integration-Simulator
2026-10-05T02:45:05.9785489Z ##[group]Getting Git version info
2026-10-05T02:45:05.9788777Z Working directory is 'D:\a\SICS-RobotOps-Twin-E2E-Warehouse-Robotics-Integration-Simulator\SICS-RobotOps-Twin-E2E-Warehouse-Robotics-Integration-Simulator'
2026-10-05T02:45:06.0590331Z [command]"C:\Program Files\Git\bin\git.exe" version
2026-10-05T02:45:06.6111655Z git version 2.55.0.windows.5
2026-10-05T02:45:06.6160164Z ##[endgroup]
2026-10-05T02:45:06.6179341Z Temporarily overriding HOME='D:\a\_temp\189ed8e2-fb44-4290-9f08-ee37a57df5c2' before making global git config changes
2026-10-05T02:45:06.6181606Z Adding repository directory to the temporary git global config as a safe directory
2026-10-05T02:45:06.6192538Z [command]"C:\Program Files\Git\bin\git.exe" config --global --add safe.directory D:\a\SICS-RobotOps-Twin-E2E-Warehouse-Robotics-Integration-Simulator\SICS-RobotOps-Twin-E2E-Warehouse-Robotics-Integration-Simulator
2026-10-05T02:45:06.7060939Z Deleting the contents of 'D:\a\SICS-RobotOps-Twin-E2E-Warehouse-Robotics-Integration-Simulator\SICS-RobotOps-Twin-E2E-Warehouse-Robotics-Integration-Simulator'
2026-10-05T02:45:06.7068800Z ##[group]Initializing the repository
2026-10-05T02:45:06.7077947Z [command]"C:\Program Files\Git\bin\git.exe" init D:\a\SICS-RobotOps-Twin-E2E-Warehouse-Robotics-Integration-Simulator\SICS-RobotOps-Twin-E2E-Warehouse-Robotics-Integration-Simulator
2026-10-05T02:45:06.8450304Z Initialized empty Git repository in D:/a/SICS-RobotOps-Twin-E2E-Warehouse-Robotics-Integration-Simulator/SICS-RobotOps-Twin-E2E-Warehouse-Robotics-Integration-Simulator/.git/
2026-10-05T02:45:06.8491489Z [command]"C:\Program Files\Git\bin\git.exe" remote add origin https://github.com/raal1600/SICS-RobotOps-Twin-E2E-Warehouse-Robotics-Integration-Simulator
2026-10-05T02:45:06.9347266Z ##[endgroup]
2026-10-05T02:45:06.9349127Z ##[group]Disabling automatic garbage collection
2026-10-05T02:45:06.9355697Z [command]"C:\Program Files\Git\bin\git.exe" config --local gc.auto 0
2026-10-05T02:45:06.9649340Z ##[endgroup]
2026-10-05T02:45:06.9651038Z ##[group]Setting up auth
2026-10-05T02:45:06.9661325Z [command]"C:\Program Files\Git\bin\git.exe" config --local --name-only --get-regexp core\.sshCommand
2026-10-05T02:45:06.9970918Z [command]"C:\Program Files\Git\bin\git.exe" submodule foreach --recursive "sh -c \"git config --local --name-only --get-regexp 'core\.sshCommand' && git config --local --unset-all 'core.sshCommand' || :\""
2026-10-05T02:45:09.0556182Z [command]"C:\Program Files\Git\bin\git.exe" config --local --name-only --get-regexp http\.https\:\/\/github\.com\/\.extraheader
2026-10-05T02:45:09.0917790Z [command]"C:\Program Files\Git\bin\git.exe" submodule foreach --recursive "sh -c \"git config --local --name-only --get-regexp 'http\.https\:\/\/github\.com\/\.extraheader' && git config --local --unset-all 'http.https://github.com/.extraheader' || :\""
2026-10-05T02:45:09.6476412Z [command]"C:\Program Files\Git\bin\git.exe" config --local --name-only --get-regexp ^includeIf\.gitdir:
2026-10-05T02:45:09.6777475Z [command]"C:\Program Files\Git\bin\git.exe" submodule foreach --recursive "git config --local --show-origin --name-only --get-regexp remote.origin.url"
2026-10-05T02:45:10.2143379Z [command]"C:\Program Files\Git\bin\git.exe" config --local http.https://github.com/.extraheader "AUTHORIZATION: basic ***"
2026-10-05T02:45:10.2450301Z ##[endgroup]
2026-10-05T02:45:10.2451710Z ##[group]Fetching the repository
2026-10-05T02:45:10.2464060Z [command]"C:\Program Files\Git\bin\git.exe" -c protocol.version=2 fetch --no-tags --prune --no-recurse-submodules --depth=1 origin +77a823739a73ee5450478c36f9715bb9ee50fd55:refs/remotes/origin/main
2026-10-05T02:45:12.2549061Z From https://github.com/raal1600/SICS-RobotOps-Twin-E2E-Warehouse-Robotics-Integration-Simulator
2026-10-05T02:45:12.2550382Z  * [new ref]         77a823739a73ee5450478c36f9715bb9ee50fd55 -> origin/main
2026-10-05T02:45:12.2590965Z ##[endgroup]
2026-10-05T02:45:12.2591625Z ##[group]Determining the checkout info
2026-10-05T02:45:12.2594207Z ##[endgroup]
2026-10-05T02:45:12.2603557Z [command]"C:\Program Files\Git\bin\git.exe" sparse-checkout disable
2026-10-05T02:45:12.3051587Z [command]"C:\Program Files\Git\bin\git.exe" config --local --unset-all extensions.worktreeConfig
2026-10-05T02:45:12.3388265Z ##[group]Checking out the ref
2026-10-05T02:45:12.3389311Z [command]"C:\Program Files\Git\bin\git.exe" checkout --progress --force -B main refs/remotes/origin/main
2026-10-05T02:45:12.6832856Z ##[error]fatal: cannot create directory at 'docs/evidence/investigation-ui-final/browser/original/20261005T015304778170/test_run_notice_investigate_and_return[synthetic-desktop]': Filename too long
2026-10-05T02:45:12.6895903Z ##[error]The process 'C:\Program Files\Git\bin\git.exe' failed with exit code 128
2026-10-05T02:45:12.7379026Z ##[group]Run actions/upload-artifact@v4
2026-10-05T02:45:12.7380098Z with:
2026-10-05T02:45:12.7380294Z   name: windows-desktop-evidence
2026-10-05T02:45:12.7380850Z   path: artifacts/desktop/RobotOps Twin/
artifacts/desktop-smoke/**/evidence.json
artifacts/desktop-smoke/**/sessions/

2026-10-05T02:45:12.7381399Z   if-no-files-found: error
2026-10-05T02:45:12.7381617Z   compression-level: 6
2026-10-05T02:45:12.7381824Z   overwrite: false
2026-10-05T02:45:12.7382015Z   include-hidden-files: false
2026-10-05T02:45:12.7382237Z ##[endgroup]
2026-10-05T02:45:12.9534731Z (node:2312) [DEP0040] DeprecationWarning: The `punycode` module is deprecated. Please use a userland alternative instead.
2026-10-05T02:45:12.9535735Z (Use `node --trace-deprecation ...` to show where the warning was created)
2026-10-05T02:45:12.9583637Z Multiple search paths detected. Calculating the least common ancestor of all paths
2026-10-05T02:45:12.9587864Z The least common ancestor is D:\a\SICS-RobotOps-Twin-E2E-Warehouse-Robotics-Integration-Simulator\SICS-RobotOps-Twin-E2E-Warehouse-Robotics-Integration-Simulator\artifacts. This will be the root directory of the artifact
2026-10-05T02:45:12.9594627Z ##[error]No files were found with the provided path: artifacts/desktop/RobotOps Twin/
artifacts/desktop-smoke/**/evidence.json
artifacts/desktop-smoke/**/sessions/. No artifacts will be uploaded.
2026-10-05T02:45:12.9944944Z Post job cleanup.
2026-10-05T02:45:13.2442412Z [command]"C:\Program Files\Git\bin\git.exe" version
2026-10-05T02:45:13.2740348Z git version 2.55.0.windows.5
2026-10-05T02:45:13.2798300Z Temporarily overriding HOME='D:\a\_temp\db021c05-b675-487d-89ff-283ee0dda797' before making global git config changes
2026-10-05T02:45:13.2800155Z Adding repository directory to the temporary git global config as a safe directory
2026-10-05T02:45:13.2812224Z [command]"C:\Program Files\Git\bin\git.exe" config --global --add safe.directory D:\a\SICS-RobotOps-Twin-E2E-Warehouse-Robotics-Integration-Simulator\SICS-RobotOps-Twin-E2E-Warehouse-Robotics-Integration-Simulator
2026-10-05T02:45:13.3150111Z [command]"C:\Program Files\Git\bin\git.exe" config --local --name-only --get-regexp core\.sshCommand
2026-10-05T02:45:13.3484987Z [command]"C:\Program Files\Git\bin\git.exe" submodule foreach --recursive "sh -c \"git config --local --name-only --get-regexp 'core\.sshCommand' && git config --local --unset-all 'core.sshCommand' || :\""
2026-10-05T02:45:13.9158402Z [command]"C:\Program Files\Git\bin\git.exe" config --local --name-only --get-regexp http\.https\:\/\/github\.com\/\.extraheader
2026-10-05T02:45:13.9450009Z http.https://github.com/.extraheader
2026-10-05T02:45:13.9493857Z [command]"C:\Program Files\Git\bin\git.exe" config --local --unset-all http.https://github.com/.extraheader
2026-10-05T02:45:13.9795876Z [command]"C:\Program Files\Git\bin\git.exe" submodule foreach --recursive "sh -c \"git config --local --name-only --get-regexp 'http\.https\:\/\/github\.com\/\.extraheader' && git config --local --unset-all 'http.https://github.com/.extraheader' || :\""
2026-10-05T02:45:14.5460350Z [command]"C:\Program Files\Git\bin\git.exe" config --local --name-only --get-regexp ^includeIf\.gitdir:
2026-10-05T02:45:14.5852829Z [command]"C:\Program Files\Git\bin\git.exe" submodule foreach --recursive "git config --local --show-origin --name-only --get-regexp remote.origin.url"
2026-10-05T02:45:15.1521484Z Cleaning up orphan processes
2026-10-05T02:45:15.1556829Z ##[warning]Node.js 20 is deprecated. The following actions target Node.js 20 but are being forced to run on Node.js 24: actions/checkout@v4, actions/upload-artifact@v4. For more information see: https://github.blog/changelog/2025-09-19-deprecation-of-node-20-on-github-actions-runners/

