{
  "passed": true,
  "errors": [],
  "files_checked": [
    "ACCEPTANCE_REPORT.md",
    "blender/scene/README.md",
    "CODEX_GOAL_CHECKLIST.md",
    "docs/adr/0001-durable-synthetic-boundaries.md",
    "docs/adr/0002-acceptance-attestations.md",
    "docs/adr/0003-recorded-motion-illustration.md",
    "docs/adr/0004-full-3d-scenario-replay.md",
    "docs/adr/0005-explicit-fresh-fixture-scene.md",
    "docs/adr/0006-delivery-replay-and-scenario-preparation.md",
    "docs/adr/0007-independent-simulation-tests.md",
    "docs/adr/0008-explicit-reobservation-after-intervention.md",
    "docs/adr/0009-guided-simulation-workflow.md",
    "docs/adr/0010-hkm-inspired-versioned-cell.md",
    "docs/adr/0011-cell-selection-and-test-data-lifecycle.md",
    "docs/adr/0012-evidence-driven-investigation.md",
    "docs/adr/0013-reusable-test-lifecycle.md",
    "docs/adr/template.md",
    "docs/evidence/acceptance/20261005T012342/README.md",
    "docs/evidence/hkm-ci-ca77987/README.md",
    "docs/evidence/hkm-final-audit/README.md",
    "docs/evidence/hkm-planning-performance/README.md",
    "docs/evidence/hkm-publication-review/README.md",
    "docs/evidence/investigation-ui-baseline/README.md",
    "docs/evidence/investigation-ui-development/README.md",
    "docs/evidence/investigation-ui-final/README.md",
    "docs/evidence/lab-4774af5/archive-plan.md",
    "docs/evidence/lab-4774af5/audit/final-trace-audit-summary.md",
    "docs/evidence/lab-4774af5/audit/README.md",
    "docs/evidence/lab-4774af5/correction/scenario-label-fix-plan.md",
    "docs/evidence/lab-4774af5/README.md",
    "docs/evidence/lab-9e83fe7/acceptance-local/ACCEPTANCE_REPORT.md",
    "docs/evidence/lab-9e83fe7/index.md",
    "docs/evidence/lab-9e83fe7/launchers/manual-9e83fe7-coverage-amendment.md",
    "docs/evidence/lab-9e83fe7/launchers/manual-9e83fe7-runbook.md",
    "docs/evidence/lab-9e83fe7/preparation/reports/final-report-9e83fe7-local-preparation.md",
    "docs/evidence/lab-9e83fe7/preparation/reports/final-report-9e83fe7-preparation.md",
    "docs/evidence/lab-9e83fe7/preparation/reports/initial/final-report-9e83fe7-preparation.md",
    "docs/evidence/lab-9e83fe7/public-payload/public-payload-review-plan.md",
    "docs/evidence/lab-9e83fe7/publication/site/sources/01-design.md",
    "docs/evidence/lab-9e83fe7/publication/site/sources/02-avgransning.md",
    "docs/evidence/lab-9e83fe7/publication/site/sources/03-diskussion.md",
    "docs/evidence/lab-9e83fe7/publication/site/sources/ACCEPTANCE_REPORT.md",
    "docs/evidence/lab-9e83fe7/publication/site/sources/CODEX_GOAL_CHECKLIST.md",
    "docs/evidence/lab-9e83fe7/publication/site/sources/GOAL_PROGRESS.md",
    "docs/evidence/lab-9e83fe7/publication/site/sources/HANDOFF.md",
    "docs/evidence/lab-9e83fe7/publication/site/sources/PROJECT_PLAN.md",
    "docs/evidence/lab-9e83fe7/publication/site/sources/PUBLICATION.md",
    "docs/evidence/lab-9e83fe7/publication/site/sources/README.md",
    "docs/evidence/lab-9e83fe7/publication/site/sources/SUCCESS_CRITERIA.md",
    "docs/evidence/lab-9e83fe7/recipes/before-byte-binding-fix/audit-programs-usage.md",
    "docs/evidence/lab-9e83fe7/recipes/before-byte-binding-fix/publication-review-usage.md",
    "docs/evidence/lab-9e83fe7/recipes/preparation/audit-programs-usage.md",
    "docs/evidence/lab-9e83fe7/recipes/preparation/case-review-usage.md",
    "docs/evidence/lab-9e83fe7/recipes/preparation/publication-review-usage.md",
    "docs/evidence/lab-9e83fe7/recipes/preparation/terminal-review-usage.md",
    "docs/evidence/lab-a881acf/README.md",
    "docs/evidence/lab-a881acf/response-sync-correction/README.md",
    "docs/evidence/lab-b968586/http-loop-correction/README.md",
    "docs/evidence/lab-b968586/README.md",
    "docs/evidence/lab-publication-link-correction/README.md",
    "docs/evidence/reset-verified/README.md",
    "docs/evidence/test-lifecycle-baseline/README.md",
    "docs/evidence/test-management-final/README.md",
    "docs/evidence/test-management-local/README.md",
    "docs/evidence/test-reset-development/README.md",
    "docs/evidence/test-reset-final/README.md",
    "docs/evidence/test-reset-read-drain/README.md",
    "docs/evidence/test-reset-visibility/README.md",
    "docs/generated/product-tool-catalogue.md",
    "docs/implementation/acceptance.md",
    "docs/implementation/blender.md",
    "docs/implementation/contracts.md",
    "docs/implementation/dependencies.md",
    "docs/implementation/desktop.md",
    "docs/implementation/hkm-inspired.md",
    "docs/implementation/investigation.md",
    "docs/implementation/operations.md",
    "docs/implementation/persistence.md",
    "docs/implementation/playback.md",
    "docs/implementation/reconciliation.md",
    "docs/implementation/runtime.md",
    "docs/implementation/scenarios.md",
    "docs/integration-lab-final-report.md",
    "docs/integration-lab-native.md",
    "docs/integration-lab-requirements.md",
    "docs/integration-lab.md",
    "GOAL.md",
    "GOAL_PROGRESS.md",
    "HANDOFF.md",
    "PROJECT_PLAN.md",
    "PUBLICATION.md",
    "README.md",
    "reports/01-design.md",
    "reports/02-avgransning.md",
    "reports/03-diskussion.md",
    "SUCCESS_CRITERIA.md"
  ],
  "archived_markdown_snapshots": [
    {
      "path": "docs/evidence/lab-9e83fe7/acceptance-local/ACCEPTANCE_REPORT.md",
      "source": "ACCEPTANCE_REPORT.md",
      "sha256": "f556a6c6828d802feb4d8b9a2b4ceafef48a5a5aa93ebac51c07670eb2fc2f9a",
      "bytes": 142480,
      "manifest": "docs/evidence/lab-9e83fe7/inputs.json",
      "manifest_sha256": "5a45946aec7894a32e38ab9dab2b30f52b7bd0ad2c7d1da4a33a0ee11e7300d5"
    },
    {
      "path": "docs/evidence/lab-9e83fe7/launchers/manual-9e83fe7-coverage-amendment.md",
      "source": "artifacts/manual-9e83fe7-coverage-amendment.md",
      "sha256": "1b11b720221bde02f666224178a0e1e5ca477e9acdf30661279dfe2f8f0e59bb",
      "bytes": 2425,
      "manifest": "docs/evidence/lab-9e83fe7/inputs.json",
      "manifest_sha256": "5a45946aec7894a32e38ab9dab2b30f52b7bd0ad2c7d1da4a33a0ee11e7300d5"
    },
    {
      "path": "docs/evidence/lab-9e83fe7/launchers/manual-9e83fe7-runbook.md",
      "source": "artifacts/manual-9e83fe7-runbook.md",
      "sha256": "f6a355b61d33b6685c674e4006c0bd5f3b72dab8cae6ab92345d27ad4742f3dc",
      "bytes": 15589,
      "manifest": "docs/evidence/lab-9e83fe7/inputs.json",
      "manifest_sha256": "5a45946aec7894a32e38ab9dab2b30f52b7bd0ad2c7d1da4a33a0ee11e7300d5"
    },
    {
      "path": "docs/evidence/lab-9e83fe7/preparation/reports/final-report-9e83fe7-local-preparation.md",
      "source": "artifacts/final-report-9e83fe7-local-preparation.md",
      "sha256": "bebaa6abd6f3c199c08c85095d921c77b19afa418a88a9b135f1c8802a105119",
      "bytes": 193532,
      "manifest": "docs/evidence/lab-9e83fe7/inputs.json",
      "manifest_sha256": "5a45946aec7894a32e38ab9dab2b30f52b7bd0ad2c7d1da4a33a0ee11e7300d5"
    },
    {
      "path": "docs/evidence/lab-9e83fe7/preparation/reports/final-report-9e83fe7-preparation.md",
      "source": "artifacts/final-report-9e83fe7-preparation.md",
      "sha256": "34e0649bf58c877b80182c02b7b3e3e77fb0a55cbabbe593964311aa0c69c6ad",
      "bytes": 165181,
      "manifest": "docs/evidence/lab-9e83fe7/inputs.json",
      "manifest_sha256": "5a45946aec7894a32e38ab9dab2b30f52b7bd0ad2c7d1da4a33a0ee11e7300d5"
    },
    {
      "path": "docs/evidence/lab-9e83fe7/preparation/reports/initial/final-report-9e83fe7-preparation.md",
      "source": "artifacts/final-evidence-pack/9e83fe7/initial-report-preparation/final-report-9e83fe7-preparation.md",
      "sha256": "8dc20a38feb3bfb9021744bb77696d1d7e88475f967a9187c56c43702477937e",
      "bytes": 120757,
      "manifest": "docs/evidence/lab-9e83fe7/inputs.json",
      "manifest_sha256": "5a45946aec7894a32e38ab9dab2b30f52b7bd0ad2c7d1da4a33a0ee11e7300d5"
    },
    {
      "path": "docs/evidence/lab-9e83fe7/publication/site/sources/01-design.md",
      "source": "_site/sources/01-design.md",
      "sha256": "f4d5e31d82b9c8d112dde43d6966c9f48e4c62cbb373a28e60136e8658afbd03",
      "bytes": 47137,
      "manifest": "docs/evidence/lab-9e83fe7/inputs.json",
      "manifest_sha256": "5a45946aec7894a32e38ab9dab2b30f52b7bd0ad2c7d1da4a33a0ee11e7300d5"
    },
    {
      "path": "docs/evidence/lab-9e83fe7/publication/site/sources/02-avgransning.md",
      "source": "_site/sources/02-avgransning.md",
      "sha256": "9a7c9a46bc8cb153361d1513b85e83bb8605f24ca73cf9f2d6a682cf7e3900d5",
      "bytes": 19399,
      "manifest": "docs/evidence/lab-9e83fe7/inputs.json",
      "manifest_sha256": "5a45946aec7894a32e38ab9dab2b30f52b7bd0ad2c7d1da4a33a0ee11e7300d5"
    },
    {
      "path": "docs/evidence/lab-9e83fe7/publication/site/sources/03-diskussion.md",
      "source": "_site/sources/03-diskussion.md",
      "sha256": "22d52f89836da0d83435dc4cf15274b79f9bb2632e16c09611de64a4306ac870",
      "bytes": 23780,
      "manifest": "docs/evidence/lab-9e83fe7/inputs.json",
      "manifest_sha256": "5a45946aec7894a32e38ab9dab2b30f52b7bd0ad2c7d1da4a33a0ee11e7300d5"
    },
    {
      "path": "docs/evidence/lab-9e83fe7/publication/site/sources/ACCEPTANCE_REPORT.md",
      "source": "_site/sources/ACCEPTANCE_REPORT.md",
      "sha256": "e7e1dfd1a48d138a11b42449439e50594ac3647f80c5b38c6112ddc63383dd3d",
      "bytes": 142273,
      "manifest": "docs/evidence/lab-9e83fe7/inputs.json",
      "manifest_sha256": "5a45946aec7894a32e38ab9dab2b30f52b7bd0ad2c7d1da4a33a0ee11e7300d5"
    },
    {
      "path": "docs/evidence/lab-9e83fe7/publication/site/sources/CODEX_GOAL_CHECKLIST.md",
      "source": "_site/sources/CODEX_GOAL_CHECKLIST.md",
      "sha256": "ff5dcc483bac7a73613b74239d773a6012d4c60bbaec3d68fc67b4987b45c2ec",
      "bytes": 13605,
      "manifest": "docs/evidence/lab-9e83fe7/inputs.json",
      "manifest_sha256": "5a45946aec7894a32e38ab9dab2b30f52b7bd0ad2c7d1da4a33a0ee11e7300d5"
    },
    {
      "path": "docs/evidence/lab-9e83fe7/publication/site/sources/GOAL_PROGRESS.md",
      "source": "_site/sources/GOAL_PROGRESS.md",
      "sha256": "c001c022827e4d1a3ac45f3771bc5e12780dc99d3c91c394ddb386fe2d47dc93",
      "bytes": 73452,
      "manifest": "docs/evidence/lab-9e83fe7/inputs.json",
      "manifest_sha256": "5a45946aec7894a32e38ab9dab2b30f52b7bd0ad2c7d1da4a33a0ee11e7300d5"
    },
    {
      "path": "docs/evidence/lab-9e83fe7/publication/site/sources/HANDOFF.md",
      "source": "_site/sources/HANDOFF.md",
      "sha256": "de8723b6fa511c8c2d39e24801e5a705a93222b0ed64ee1bf25b29880e782109",
      "bytes": 18778,
      "manifest": "docs/evidence/lab-9e83fe7/inputs.json",
      "manifest_sha256": "5a45946aec7894a32e38ab9dab2b30f52b7bd0ad2c7d1da4a33a0ee11e7300d5"
    },
    {
      "path": "docs/evidence/lab-9e83fe7/publication/site/sources/PROJECT_PLAN.md",
      "source": "_site/sources/PROJECT_PLAN.md",
      "sha256": "7fe6e7e610ec893a59c3fc7a6a7803ae02f9ade9b450c91353744d03b159740f",
      "bytes": 29538,
      "manifest": "docs/evidence/lab-9e83fe7/inputs.json",
      "manifest_sha256": "5a45946aec7894a32e38ab9dab2b30f52b7bd0ad2c7d1da4a33a0ee11e7300d5"
    },
    {
      "path": "docs/evidence/lab-9e83fe7/publication/site/sources/PUBLICATION.md",
      "source": "_site/sources/PUBLICATION.md",
      "sha256": "7918da8e46d690b90c64eef2ad35faf3064d39b82f28f49bcf4c91b9922cda66",
      "bytes": 15282,
      "manifest": "docs/evidence/lab-9e83fe7/inputs.json",
      "manifest_sha256": "5a45946aec7894a32e38ab9dab2b30f52b7bd0ad2c7d1da4a33a0ee11e7300d5"
    },
    {
      "path": "docs/evidence/lab-9e83fe7/publication/site/sources/README.md",
      "source": "_site/sources/README.md",
      "sha256": "3c3c72ea5aa6835f7d8c78d0c27923359f0bf631f5ff34053e1de660bc2c8b57",
      "bytes": 19835,
      "manifest": "docs/evidence/lab-9e83fe7/inputs.json",
      "manifest_sha256": "5a45946aec7894a32e38ab9dab2b30f52b7bd0ad2c7d1da4a33a0ee11e7300d5"
    },
    {
      "path": "docs/evidence/lab-9e83fe7/publication/site/sources/SUCCESS_CRITERIA.md",
      "source": "_site/sources/SUCCESS_CRITERIA.md",
      "sha256": "081a4b12d36c92069431e671ba5c2f3cfb381b1da099684b19c57372ef4a09bf",
      "bytes": 32662,
      "manifest": "docs/evidence/lab-9e83fe7/inputs.json",
      "manifest_sha256": "5a45946aec7894a32e38ab9dab2b30f52b7bd0ad2c7d1da4a33a0ee11e7300d5"
    },
    {
      "path": "docs/evidence/lab-9e83fe7/recipes/before-byte-binding-fix/audit-programs-usage.md",
      "source": "artifacts/final-evidence-pack/9e83fe7/preparation-before-byte-binding-fix/audit-programs-usage.md",
      "sha256": "0682ebb2d351e22766a06ab4bb0739ab31275e276239e75cdf97c279a6edcd2a",
      "bytes": 6862,
      "manifest": "docs/evidence/lab-9e83fe7/inputs.json",
      "manifest_sha256": "5a45946aec7894a32e38ab9dab2b30f52b7bd0ad2c7d1da4a33a0ee11e7300d5"
    },
    {
      "path": "docs/evidence/lab-9e83fe7/recipes/before-byte-binding-fix/publication-review-usage.md",
      "source": "artifacts/final-evidence-pack/9e83fe7/preparation-before-byte-binding-fix/publication-review-usage.md",
      "sha256": "2959f38b2c2d342e982d4e2893b1253fbb098c2b3f535e9ddf00f6088281441c",
      "bytes": 5952,
      "manifest": "docs/evidence/lab-9e83fe7/inputs.json",
      "manifest_sha256": "5a45946aec7894a32e38ab9dab2b30f52b7bd0ad2c7d1da4a33a0ee11e7300d5"
    },
    {
      "path": "docs/evidence/lab-9e83fe7/recipes/preparation/audit-programs-usage.md",
      "source": "artifacts/final-evidence-pack/9e83fe7/audit-programs-usage.md",
      "sha256": "697b60240779017ef882aab424fe876ade793126a8bd097d1f027eef8dbca045",
      "bytes": 7680,
      "manifest": "docs/evidence/lab-9e83fe7/inputs.json",
      "manifest_sha256": "5a45946aec7894a32e38ab9dab2b30f52b7bd0ad2c7d1da4a33a0ee11e7300d5"
    },
    {
      "path": "docs/evidence/lab-9e83fe7/recipes/preparation/case-review-usage.md",
      "source": "artifacts/final-evidence-pack/9e83fe7/case-review-usage.md",
      "sha256": "dd1cf80e3d7737545ae25032fde7b6f435626a5de08751f39b97ccef721bb214",
      "bytes": 5218,
      "manifest": "docs/evidence/lab-9e83fe7/inputs.json",
      "manifest_sha256": "5a45946aec7894a32e38ab9dab2b30f52b7bd0ad2c7d1da4a33a0ee11e7300d5"
    },
    {
      "path": "docs/evidence/lab-9e83fe7/recipes/preparation/publication-review-usage.md",
      "source": "artifacts/final-evidence-pack/9e83fe7/publication-review-usage.md",
      "sha256": "c5585e3da70463b1392aca82e542eb57479500d95011302dfafd0c684b6c73c2",
      "bytes": 6770,
      "manifest": "docs/evidence/lab-9e83fe7/inputs.json",
      "manifest_sha256": "5a45946aec7894a32e38ab9dab2b30f52b7bd0ad2c7d1da4a33a0ee11e7300d5"
    },
    {
      "path": "docs/evidence/lab-9e83fe7/recipes/preparation/terminal-review-usage.md",
      "source": "artifacts/final-evidence-pack/9e83fe7/terminal-review-usage.md",
      "sha256": "213adc8538f2d6887e684be0271de37ab5e3c658d12f607fdd3b54fdcfa9608e",
      "bytes": 5074,
      "manifest": "docs/evidence/lab-9e83fe7/inputs.json",
      "manifest_sha256": "5a45946aec7894a32e38ab9dab2b30f52b7bd0ad2c7d1da4a33a0ee11e7300d5"
    }
  ],
  "must_count": 169,
  "source_count": 31,
  "diagram_count": 13,
  "credential_scan": "tracked text: private-key/token patterns"
}
