Built 01-design.pdf: 34 pages, ~5543 words
Built 02-avgransning.pdf: 14 pages, ~2482 words
Built 03-diskussion.pdf: 17 pages, ~3242 words
{
  "title": "RobotOps Twin publication",
  "version": "1.4.0",
  "date": "2026-10-05",
  "source_checked_at": "2026-10-05",
  "source_dates": {
    "S01": "2026-10-01",
    "S02": "2026-10-01",
    "S03": "2026-10-04",
    "S04": "2026-10-04",
    "S05": "2026-10-04",
    "S06": "2026-10-01",
    "S07": "2026-10-04",
    "S08": "2026-10-04",
    "S09": "2026-10-01",
    "S10": "2026-10-01",
    "S11": "2026-10-01",
    "S12": "2026-10-04",
    "S13": "2026-10-01",
    "S14": "2026-10-01",
    "S15": "2026-10-01",
    "S16": "2026-10-01",
    "S17": "2026-10-01",
    "S18": "2026-10-01",
    "S19": "2026-10-01",
    "S20": "2026-10-01",
    "S21": "2026-10-02",
    "S22": "2026-10-03",
    "S23": "2026-10-04",
    "S24": "2026-10-04",
    "S25": "2026-10-04",
    "S26": "2026-10-04",
    "S27": "2026-10-04",
    "S28": "2026-10-04",
    "S29": "2026-10-04",
    "S30": "2026-10-04"
  },
  "source_commit": "317d4a4dac69e2b88846002e3a69d04a2b682011",
  "reports": [
    {
      "report": "01-design",
      "title": "Från kundorder till verifierad roboteffekt",
      "pages": 34,
      "words_approx": 5543,
      "references": [
        "S01",
        "S02",
        "S03",
        "S04",
        "S05",
        "S06",
        "S07",
        "S08",
        "S10",
        "S11",
        "S12",
        "S13",
        "S14",
        "S15",
        "S16",
        "S17",
        "S18",
        "S19",
        "S21",
        "S22",
        "S23",
        "S24",
        "S25",
        "S26",
        "S27",
        "S28",
        "S29",
        "S30"
      ],
      "pdf_sha256": "2a8688341628db5690ef0459f0c1ab72eceed9b68a19d815076bb9301e5a5269"
    },
    {
      "report": "02-avgransning",
      "title": "Simulatorn och den verkliga robotcellen",
      "pages": 14,
      "words_approx": 2482,
      "references": [
        "S01",
        "S03",
        "S04",
        "S07",
        "S08",
        "S10",
        "S11",
        "S12",
        "S17",
        "S18",
        "S19",
        "S23",
        "S24",
        "S28",
        "S29",
        "S30"
      ],
      "pdf_sha256": "9d9b4b7ac5c6e7bff0d463b3b38dd51c05853a2633b45b3c6704075648489e8c"
    },
    {
      "report": "03-diskussion",
      "title": "Teknisk dialog om RobotOps Twin",
      "pages": 17,
      "words_approx": 3242,
      "references": [
        "S01",
        "S03",
        "S04",
        "S05",
        "S06",
        "S07",
        "S10",
        "S11",
        "S20",
        "S23",
        "S25",
        "S28",
        "S29"
      ],
      "pdf_sha256": "5c375fcdc6bb5a8a1243b078650b9f3f34c2a48e87f7519faf04fc8728666d5e"
    }
  ],
  "diagrams": 12,
  "references": 30,
  "combined_pdf_pages": 65,
  "pdf_package_checks": {
    "pages": 65,
    "internal_links_checked": 209,
    "destinations_preserved": true
  },
  "simulator_status": {
    "phase": "Accepted test deletion and reusable clearing",
    "status": "DONE",
    "summary": "Test lifecycle correction accepted at audited implementation df45c93: all 118 MUSTs PASS, 688 tests twice, 139 UI checks, nine real-browser cases and eight Blender demos. Delete removes the test and frees its number; clear restores the same test for retry. CI, Windows launcher and publication verified; original evidence and mapping correction remain archived."
  },
  "checks": [
    "reference IDs resolved",
    "figure placeholders resolved",
    "SVG XML parsed",
    "PDF text extractable",
    "relative links and fragments validated",
    "catalogue documentation generated from runtime source"
  ]
}
Annotation sizes differ: 45 vs. 0
Annotation sizes differ: 1 vs. 0
Annotation sizes differ: 2 vs. 0
Annotation sizes differ: 8 vs. 0
Annotation sizes differ: 15 vs. 0
Annotation sizes differ: 2 vs. 0
Annotation sizes differ: 1 vs. 0
Annotation sizes differ: 1 vs. 0
Annotation sizes differ: 1 vs. 0
Annotation sizes differ: 4 vs. 0
Annotation sizes differ: 2 vs. 0
Annotation sizes differ: 3 vs. 0
Annotation sizes differ: 1 vs. 0
Annotation sizes differ: 39 vs. 0
Annotation sizes differ: 3 vs. 0
Annotation sizes differ: 1 vs. 0
Annotation sizes differ: 7 vs. 0
Annotation sizes differ: 5 vs. 0
Annotation sizes differ: 4 vs. 0
Annotation sizes differ: 2 vs. 0
Annotation sizes differ: 45 vs. 0
Annotation sizes differ: 1 vs. 0
Annotation sizes differ: 3 vs. 0
Annotation sizes differ: 4 vs. 0
Annotation sizes differ: 2 vs. 0
Annotation sizes differ: 2 vs. 0
Annotation sizes differ: 5 vs. 0
